Component: ARM Compiler 5.06 update 6 (build 750) Tool: armlink [4d35ed]

==============================================================================

Section Cross References

    main.o(i.LED_PubState) refers to _printf_percent.o(.ARM.Collect$$_printf_percent$$00000000) for _printf_percent
    main.o(i.LED_PubState) refers to _printf_d.o(.ARM.Collect$$_printf_percent$$00000009) for _printf_d
    main.o(i.LED_PubState) refers to _printf_dec.o(.text) for _printf_int_dec
    main.o(i.LED_PubState) refers to __2sprintf.o(.text) for __2sprintf
    main.o(i.LED_PubState) refers to strlen.o(.text) for strlen
    main.o(i.LED_PubState) refers to mqtt.o(i.MQTT_PublishQs0) for MQTT_PublishQs0
    main.o(i.LED_PubState) refers to main.o(.conststring) for .conststring
    main.o(i.LED_PubState) refers to mqtt.o(.bss) for P_TOPIC_NAME
    main.o(i.MQTT_CheckConnectStatus) refers to usart1.o(i.u1_printf) for u1_printf
    main.o(i.MQTT_CheckConnectStatus) refers to main.o(i.NVIC_SystemReset) for NVIC_SystemReset
    main.o(i.MQTT_CheckConnectStatus) refers to mqtt.o(.data) for g_connectPackFlag
    main.o(i.MQTT_UploadData) refers to _printf_percent.o(.ARM.Collect$$_printf_percent$$00000000) for _printf_percent
    main.o(i.MQTT_UploadData) refers to _printf_d.o(.ARM.Collect$$_printf_percent$$00000009) for _printf_d
    main.o(i.MQTT_UploadData) refers to _printf_dec.o(.text) for _printf_int_dec
    main.o(i.MQTT_UploadData) refers to __2sprintf.o(.text) for __2sprintf
    main.o(i.MQTT_UploadData) refers to strlen.o(.text) for strlen
    main.o(i.MQTT_UploadData) refers to mqtt.o(i.MQTT_PublishQs0) for MQTT_PublishQs0
    main.o(i.MQTT_UploadData) refers to mqtt.o(.bss) for P_TOPIC_NAME
    main.o(i.MQTT_UploadString) refers to _printf_percent.o(.ARM.Collect$$_printf_percent$$00000000) for _printf_percent
    main.o(i.MQTT_UploadString) refers to _printf_c.o(.ARM.Collect$$_printf_percent$$00000013) for _printf_c
    main.o(i.MQTT_UploadString) refers to _printf_str.o(.text) for _printf_str
    main.o(i.MQTT_UploadString) refers to __2sprintf.o(.text) for __2sprintf
    main.o(i.MQTT_UploadString) refers to strlen.o(.text) for strlen
    main.o(i.MQTT_UploadString) refers to mqtt.o(i.MQTT_PublishQs0) for MQTT_PublishQs0
    main.o(i.MQTT_UploadString) refers to mqtt.o(.bss) for P_TOPIC_NAME
    main.o(i.W5500_DNS) refers to usart1.o(i.u1_printf) for u1_printf
    main.o(i.W5500_DNS) refers to dns.o(i.DNS_init) for DNS_init
    main.o(i.W5500_DNS) refers to dns.o(i.DNS_run) for DNS_run
    main.o(i.W5500_DNS) refers to socket.o(i.close) for close
    main.o(i.W5500_DNS) refers to main.o(.bss) for gDNSBUF
    main.o(i.W5500_DNS) refers to mqtt.o(.data) for ServerIP
    main.o(i.W5500_DNS) refers to main.o(.data) for dns2
    main.o(i.W5500_TxData) refers to socket.o(i.send) for send
    main.o(i.W5500_TxData) refers to usart1.o(i.u1_printf) for u1_printf
    main.o(i.W5500_init) refers to spi.o(i.SPI_Configuration) for SPI_Configuration
    main.o(i.W5500_init) refers to wizchip_conf.o(i.reg_wizchip_cris_cbfunc) for reg_wizchip_cris_cbfunc
    main.o(i.W5500_init) refers to wizchip_conf.o(i.reg_wizchip_cs_cbfunc) for reg_wizchip_cs_cbfunc
    main.o(i.W5500_init) refers to wizchip_conf.o(i.reg_wizchip_spi_cbfunc) for reg_wizchip_spi_cbfunc
    main.o(i.W5500_init) refers to wizchip_conf.o(i.ctlwizchip) for ctlwizchip
    main.o(i.W5500_init) refers to usart1.o(i.u1_printf) for u1_printf
    main.o(i.W5500_init) refers to main.o(i.NVIC_SystemReset) for NVIC_SystemReset
    main.o(i.W5500_init) refers to delay.o(i.Delay_Ms) for Delay_Ms
    main.o(i.W5500_init) refers to w5500.o(i.WIZCHIP_WRITE_BUF) for WIZCHIP_WRITE_BUF
    main.o(i.W5500_init) refers to dhcp.o(i.DHCP_init) for DHCP_init
    main.o(i.W5500_init) refers to dhcp.o(i.reg_dhcp_cbfunc) for reg_dhcp_cbfunc
    main.o(i.W5500_init) refers to main.o(.constdata) for .constdata
    main.o(i.W5500_init) refers to spi.o(i.SPI_CrisExit) for SPI_CrisExit
    main.o(i.W5500_init) refers to spi.o(i.SPI_CrisEnter) for SPI_CrisEnter
    main.o(i.W5500_init) refers to spi.o(i.SPI_CS_Deselect) for SPI_CS_Deselect
    main.o(i.W5500_init) refers to spi.o(i.SPI_CS_Select) for SPI_CS_Select
    main.o(i.W5500_init) refers to spi.o(i.SPI_WriteByte) for SPI_WriteByte
    main.o(i.W5500_init) refers to spi.o(i.SPI_ReadByte) for SPI_ReadByte
    main.o(i.W5500_init) refers to main.o(.data) for gWIZNETINFO
    main.o(i.W5500_init) refers to main.o(.bss) for gDATABUF
    main.o(i.W5500_init) refers to main.o(i.my_ip_conflict) for my_ip_conflict
    main.o(i.W5500_init) refers to main.o(i.my_ip_assign) for my_ip_assign
    main.o(i.main) refers to _printf_pad.o(.text) for _printf_pre_padding
    main.o(i.main) refers to _printf_percent.o(.ARM.Collect$$_printf_percent$$00000000) for _printf_percent
    main.o(i.main) refers to _printf_x.o(.ARM.Collect$$_printf_percent$$0000000C) for _printf_x
[...]
    _printf_a                                0x080001c3   Thumb Code     0  _printf_a.o(.ARM.Collect$$_printf_percent$$00000006)
    _printf_ll                               0x080001c9   Thumb Code     0  _printf_ll.o(.ARM.Collect$$_printf_percent$$00000007)
    _printf_i                                0x080001d3   Thumb Code     0  _printf_i.o(.ARM.Collect$$_printf_percent$$00000008)
    _printf_d                                0x080001d9   Thumb Code     0  _printf_d.o(.ARM.Collect$$_printf_percent$$00000009)
    _printf_u                                0x080001df   Thumb Code     0  _printf_u.o(.ARM.Collect$$_printf_percent$$0000000A)
    _printf_o                                0x080001e5   Thumb Code     0  _printf_o.o(.ARM.Collect$$_printf_percent$$0000000B)
    _printf_x                                0x080001eb   Thumb Code     0  _printf_x.o(.ARM.Collect$$_printf_percent$$0000000C)
    _printf_lli                              0x080001f1   Thumb Code     0  _printf_lli.o(.ARM.Collect$$_printf_percent$$0000000D)
    _printf_lld                              0x080001f7   Thumb Code     0  _printf_lld.o(.ARM.Collect$$_printf_percent$$0000000E)
    _printf_llu                              0x080001fd   Thumb Code     0  _printf_llu.o(.ARM.Collect$$_printf_percent$$0000000F)
    _printf_llo                              0x08000203   Thumb Code     0  _printf_llo.o(.ARM.Collect$$_printf_percent$$00000010)
    _printf_llx                              0x08000209   Thumb Code     0  _printf_llx.o(.ARM.Collect$$_printf_percent$$00000011)
    _printf_l                                0x0800020f   Thumb Code     0  _printf_l.o(.ARM.Collect$$_printf_percent$$00000012)
    _printf_c                                0x08000219   Thumb Code     0  _printf_c.o(.ARM.Collect$$_printf_percent$$00000013)
    _printf_s                                0x0800021f   Thumb Code     0  _printf_s.o(.ARM.Collect$$_printf_percent$$00000014)
    _printf_lc                               0x08000225   Thumb Code     0  _printf_lc.o(.ARM.Collect$$_printf_percent$$00000015)
    _printf_ls                               0x0800022b   Thumb Code     0  _printf_ls.o(.ARM.Collect$$_printf_percent$$00000016)
    _printf_percent_end                      0x08000231   Thumb Code     0  _printf_percent_end.o(.ARM.Collect$$_printf_percent$$00000017)
    __rt_lib_init                            0x08000235   Thumb Code     0  libinit.o(.ARM.Collect$$libinit$$00000000)
    __rt_lib_init_fp_1                       0x08000237   Thumb Code     0  libinit2.o(.ARM.Collect$$libinit$$00000002)
    __rt_lib_init_heap_1                     0x08000237   Thumb Code     0  libinit2.o(.ARM.Collect$$libinit$$0000000A)
    __rt_lib_init_lc_common                  0x08000237   Thumb Code     0  libinit2.o(.ARM.Collect$$libinit$$0000000F)
    __rt_lib_init_preinit_1                  0x08000237   Thumb Code     0  libinit2.o(.ARM.Collect$$libinit$$00000004)
    __rt_lib_init_rand_1                     0x08000237   Thumb Code     0  libinit2.o(.ARM.Collect$$libinit$$0000000E)
    __rt_lib_init_user_alloc_1               0x08000237   Thumb Code     0  libinit2.o(.ARM.Collect$$libinit$$0000000C)
    __rt_lib_init_lc_collate_1               0x0800023d   Thumb Code     0  libinit2.o(.ARM.Collect$$libinit$$00000011)
    __rt_lib_init_lc_ctype_2                 0x0800023d   Thumb Code     0  libinit2.o(.ARM.Collect$$libinit$$00000012)
    __rt_lib_init_lc_ctype_1                 0x08000249   Thumb Code     0  libinit2.o(.ARM.Collect$$libinit$$00000013)
    __rt_lib_init_lc_monetary_1              0x08000249   Thumb Code     0  libinit2.o(.ARM.Collect$$libinit$$00000015)
    __rt_lib_init_lc_numeric_2               0x08000249   Thumb Code     0  libinit2.o(.ARM.Collect$$libinit$$00000016)
    __rt_lib_init_alloca_1                   0x08000253   Thumb Code     0  libinit2.o(.ARM.Collect$$libinit$$0000002E)
    __rt_lib_init_argv_1                     0x08000253   Thumb Code     0  libinit2.o(.ARM.Collect$$libinit$$0000002C)
    __rt_lib_init_atexit_1                   0x08000253   Thumb Code     0  libinit2.o(.ARM.Collect$$libinit$$0000001B)
    __rt_lib_init_clock_1                    0x08000253   Thumb Code     0  libinit2.o(.ARM.Collect$$libinit$$00000021)
    __rt_lib_init_cpp_1                      0x08000253   Thumb Code     0  libinit2.o(.ARM.Collect$$libinit$$00000032)
    __rt_lib_init_exceptions_1               0x08000253   Thumb Code     0  libinit2.o(.ARM.Collect$$libinit$$00000030)
    __rt_lib_init_fp_trap_1                  0x08000253   Thumb Code     0  libinit2.o(.ARM.Collect$$libinit$$0000001F)
    __rt_lib_init_getenv_1                   0x08000253   Thumb Code     0  libinit2.o(.ARM.Collect$$libinit$$00000023)
    __rt_lib_init_lc_numeric_1               0x08000253   Thumb Code     0  libinit2.o(.ARM.Collect$$libinit$$00000017)
    __rt_lib_init_lc_time_1                  0x08000253   Thumb Code     0  libinit2.o(.ARM.Collect$$libinit$$00000019)
    __rt_lib_init_return                     0x08000253   Thumb Code     0  libinit2.o(.ARM.Collect$$libinit$$00000033)
    __rt_lib_init_signal_1                   0x08000253   Thumb Code     0  libinit2.o(.ARM.Collect$$libinit$$0000001D)
    __rt_lib_init_stdio_1                    0x08000253   Thumb Code     0  libinit2.o(.ARM.Collect$$libinit$$00000025)
    __rt_lib_shutdown                        0x08000255   Thumb Code     0  libshutdown.o(.ARM.Collect$$libshutdown$$00000000)
    __rt_lib_shutdown_cpp_1                  0x08000257   Thumb Code     0  libshutdown2.o(.ARM.Collect$$libshutdown$$00000002)
    __rt_lib_shutdown_fp_trap_1              0x08000257   Thumb Code     0  libshutdown2.o(.ARM.Collect$$libshutdown$$00000007)
    __rt_lib_shutdown_heap_1                 0x08000257   Thumb Code     0  libshutdown2.o(.ARM.Collect$$libshutdown$$0000000F)
    __rt_lib_shutdown_return                 0x08000257   Thumb Code     0  libshutdown2.o(.ARM.Collect$$libshutdown$$00000010)
    __rt_lib_shutdown_signal_1               0x08000257   Thumb Code     0  libshutdown2.o(.ARM.Collect$$libshutdown$$0000000A)
    __rt_lib_shutdown_stdio_1                0x08000257   Thumb Code     0  libshutdown2.o(.ARM.Collect$$libshutdown$$00000004)
    __rt_lib_shutdown_user_alloc_1           0x08000257   Thumb Code     0  libshutdown2.o(.ARM.Collect$$libshutdown$$0000000C)
    __rt_entry                               0x08000259   Thumb Code     0  __rtentry.o(.ARM.Collect$$rtentry$$00000000)
    __rt_entry_presh_1                       0x08000259   Thumb Code     0  __rtentry2.o(.ARM.Collect$$rtentry$$00000002)
    __rt_entry_sh                            0x08000259   Thumb Code     0  __rtentry4.o(.ARM.Collect$$rtentry$$00000004)
    __rt_entry_li                            0x0800025f   Thumb Code     0  __rtentry2.o(.ARM.Collect$$rtentry$$0000000A)
    __rt_entry_postsh_1                      0x0800025f   Thumb Code     0  __rtentry2.o(.ARM.Collect$$rtentry$$00000009)
    __rt_entry_main                          0x08000263   Thumb Code     0  __rtentry2.o(.ARM.Collect$$rtentry$$0000000D)
    __rt_entry_postli_1                      0x08000263   Thumb Code     0  __rtentry2.o(.ARM.Collect$$rtentry$$0000000C)
    __rt_exit                                0x0800026b   Thumb Code     0  rtexit.o(.ARM.Collect$$rtexit$$00000000)
    __rt_exit_ls                             0x0800026d   Thumb Code     0  rtexit2.o(.ARM.Collect$$rtexit$$00000003)
    __rt_exit_prels_1                        0x0800026d   Thumb Code     0  rtexit2.o(.ARM.Collect$$rtexit$$00000002)
    __rt_exit_exit                           0x08000271   Thumb Code     0  rtexit2.o(.ARM.Collect$$rtexit$$00000004)
    Reset_Handler                            0x08000279   Thumb Code     8  startup_stm32f10x_hd.o(.text)
    ADC1_2_IRQHandler                        0x08000293   Thumb Code     0  startup_stm32f10x_hd.o(.text)
    ADC3_IRQHandler                          0x08000293   Thumb Code     0  startup_stm32f10x_hd.o(.text)
    CAN1_RX1_IRQHandler                      0x08000293   Thumb Code     0  startup_stm32f10x_hd.o(.text)
    CAN1_SCE_IRQHandler                      0x08000293   Thumb Code     0  startup_stm32f10x_hd.o(.text)
    DMA1_Channel1_IRQHandler                 0x08000293   Thumb Code     0  startup_stm32f10x_hd.o(.text)
    DMA1_Channel2_IRQHandler                 0x08000293   Thumb Code     0  startup_stm32f10x_hd.o(.text)
    DMA1_Channel3_IRQHandler                 0x08000293   Thumb Code     0  startup_stm32f10x_hd.o(.text)
    DMA1_Channel4_IRQHandler                 0x08000293   Thumb Code     0  startup_stm32f10x_hd.o(.text)
    DMA1_Channel5_IRQHandler                 0x08000293   Thumb Code     0  startup_stm32f10x_hd.o(.text)
    DMA1_Channel6_IRQHandler                 0x08000293   Thumb Code     0  startup_stm32f10x_hd.o(.text)
    DMA1_Channel7_IRQHandler                 0x08000293   Thumb Code     0  startup_stm32f10x_hd.o(.text)
    DMA2_Channel1_IRQHandler                 0x08000293   Thumb Code     0  startup_stm32f10x_hd.o(.text)
    DMA2_Channel2_IRQHandler                 0x08000293   Thumb Code     0  startup_stm32f10x_hd.o(.text)
    DMA2_Channel3_IRQHandler                 0x08000293   Thumb Code     0  startup_stm32f10x_hd.o(.text)
    DMA2_Channel4_5_IRQHandler               0x08000293   Thumb Code     0  startup_stm32f10x_hd.o(.text)
    EXTI0_IRQHandler                         0x08000293   Thumb Code     0  startup_stm32f10x_hd.o(.text)
    EXTI15_10_IRQHandler                     0x08000293   Thumb Code     0  startup_stm32f10x_hd.o(.text)
    EXTI1_IRQHandler                         0x08000293   Thumb Code     0  startup_stm32f10x_hd.o(.text)
    EXTI2_IRQHandler                         0x08000293   Thumb Code     0  startup_stm32f10x_hd.o(.text)
    EXTI3_IRQHandler                         0x08000293   Thumb Code     0  startup_stm32f10x_hd.o(.text)
    EXTI4_IRQHandler                         0x08000293   Thumb Code     0  startup_stm32f10x_hd.o(.text)
    EXTI9_5_IRQHandler                       0x08000293   Thumb Code     0  startup_stm32f10x_hd.o(.text)
    FLASH_IRQHandler                         0x08000293   Thumb Code     0  startup_stm32f10x_hd.o(.text)
    FSMC_IRQHandler                          0x08000293   Thumb Code     0  startup_stm32f10x_hd.o(.text)
    I2C1_ER_IRQHandler                       0x08000293   Thumb Code     0  startup_stm32f10x_hd.o(.text)
    I2C1_EV_IRQHandler                       0x08000293   Thumb Code     0  startup_stm32f10x_hd.o(.text)
    I2C2_ER_IRQHandler                       0x08000293   Thumb Code     0  startup_stm32f10x_hd.o(.text)
    I2C2_EV_IRQHandler                       0x08000293   Thumb Code     0  startup_stm32f10x_hd.o(.text)
    PVD_IRQHandler                           0x08000293   Thumb Code     0  startup_stm32f10x_hd.o(.text)
    RCC_IRQHandler                           0x08000293   Thumb Code     0  startup_stm32f10x_hd.o(.text)
    RTCAlarm_IRQHandler                      0x08000293   Thumb Code     0  startup_stm32f10x_hd.o(.text)
    RTC_IRQHandler                           0x08000293   Thumb Code     0  startup_stm32f10x_hd.o(.text)
    SDIO_IRQHandler                          0x08000293   Thumb Code     0  startup_stm32f10x_hd.o(.text)
    SPI1_IRQHandler                          0x08000293   Thumb Code     0  startup_stm32f10x_hd.o(.text)
    SPI2_IRQHandler                          0x08000293   Thumb Code     0  startup_stm32f10x_hd.o(.text)
    SPI3_IRQHandler                          0x08000293   Thumb Code     0  startup_stm32f10x_hd.o(.text)
    TAMPER_IRQHandler                        0x08000293   Thumb Code     0  startup_stm32f10x_hd.o(.text)
    TIM1_BRK_IRQHandler                      0x08000293   Thumb Code     0  startup_stm32f10x_hd.o(.text)
    TIM1_CC_IRQHandler                       0x08000293   Thumb Code     0  startup_stm32f10x_hd.o(.text)
    TIM1_TRG_COM_IRQHandler                  0x08000293   Thumb Code     0  startup_stm32f10x_hd.o(.text)
    TIM1_UP_IRQHandler                       0x08000293   Thumb Code     0  startup_stm32f10x_hd.o(.text)
    TIM2_IRQHandler                          0x08000293   Thumb Code     0  startup_stm32f10x_hd.o(.text)
    TIM4_IRQHandler                          0x08000293   Thumb Code     0  startup_stm32f10x_hd.o(.text)
    TIM5_IRQHandler                          0x08000293   Thumb Code     0  startup_stm32f10x_hd.o(.text)
    TIM6_IRQHandler                          0x08000293   Thumb Code     0  startup_stm32f10x_hd.o(.text)
    TIM7_IRQHandler                          0x08000293   Thumb Code     0  startup_stm32f10x_hd.o(.text)
    TIM8_BRK_IRQHandler                      0x08000293   Thumb Code     0  startup_stm32f10x_hd.o(.text)
    TIM8_CC_IRQHandler                       0x08000293   Thumb Code     0  startup_stm32f10x_hd.o(.text)
    TIM8_TRG_COM_IRQHandler                  0x08000293   Thumb Code     0  startup_stm32f10x_hd.o(.text)
    TIM8_UP_IRQHandler                       0x08000293   Thumb Code     0  startup_stm32f10x_hd.o(.text)
    UART4_IRQHandler                         0x08000293   Thumb Code     0  startup_stm32f10x_hd.o(.text)
    UART5_IRQHandler                         0x08000293   Thumb Code     0  startup_stm32f10x_hd.o(.text)
    USART2_IRQHandler                        0x08000293   Thumb Code     0  startup_stm32f10x_hd.o(.text)
    USART3_IRQHandler                        0x08000293   Thumb Code     0  startup_stm32f10x_hd.o(.text)
    USBWakeUp_IRQHandler                     0x08000293   Thumb Code     0  startup_stm32f10x_hd.o(.text)
    USB_HP_CAN1_TX_IRQHandler                0x08000293   Thumb Code     0  startup_stm32f10x_hd.o(.text)
    USB_LP_CAN1_RX0_IRQHandler               0x08000293   Thumb Code     0  startup_stm32f10x_hd.o(.text)
    WWDG_IRQHandler                          0x08000293   Thumb Code     0  startup_stm32f10x_hd.o(.text)
    __user_initial_stackheap                 0x08000295   Thumb Code     0  startup_stm32f10x_hd.o(.text)
    __c89vsprintf                            0x080002b9   Thumb Code    32  c89vsprintf.o(.text)
    __2sprintf                               0x080002dd   Thumb Code    38  __2sprintf.o(.text)
    _printf_pre_padding                      0x08000309   Thumb Code    44  _printf_pad.o(.text)
    _printf_post_padding                     0x08000335   Thumb Code    34  _printf_pad.o(.text)
    _printf_str                              0x08000357   Thumb Code    82  _printf_str.o(.text)
    _printf_int_dec                          0x080003a9   Thumb Code   104  _printf_dec.o(.text)
    _printf_longlong_hex                     0x08000421   Thumb Code    86  _printf_hex_int_ll_ptr.o(.text)
    _printf_int_hex                          0x08000477   Thumb Code    28  _printf_hex_int_ll_ptr.o(.text)
    _printf_ll_hex                           0x08000493   Thumb Code    12  _printf_hex_int_ll_ptr.o(.text)
    _printf_hex_ptr                          0x0800049f   Thumb Code    18  _printf_hex_int_ll_ptr.o(.text)
    __printf                                 0x080004b5   Thumb Code   388  __printf_flags_ss_wp.o(.text)
    strchr                                   0x0800063d   Thumb Code    20  strchr.o(.text)
    strstr                                   0x08000651   Thumb Code    36  strstr.o(.text)
    strcpy                                   0x08000675   Thumb Code    72  strcpy.o(.text)
    strlen                                   0x080006bd   Thumb Code    62  strlen.o(.text)
    __aeabi_memcpy                           0x080006fb   Thumb Code     0  rt_memcpy_v6.o(.text)
    __rt_memcpy                              0x080006fb   Thumb Code   138  rt_memcpy_v6.o(.text)
    _memcpy_lastbytes                        0x08000761   Thumb Code     0  rt_memcpy_v6.o(.text)
    __aeabi_memcpy4                          0x08000785   Thumb Code     0  rt_memcpy_w.o(.text)
    __aeabi_memcpy8                          0x08000785   Thumb Code     0  rt_memcpy_w.o(.text)
    __rt_memcpy_w                            0x08000785   Thumb Code   100  rt_memcpy_w.o(.text)
    _memcpy_lastbytes_aligned                0x080007cd   Thumb Code     0  rt_memcpy_w.o(.text)
    __aeabi_memclr                           0x080007e9   Thumb Code     0  rt_memclr.o(.text)
    __rt_memclr                              0x080007e9   Thumb Code    68  rt_memclr.o(.text)
    _memset                                  0x080007ed   Thumb Code     0  rt_memclr.o(.text)
    __aeabi_memclr4                          0x0800082d   Thumb Code     0  rt_memclr_w.o(.text)
    __aeabi_memclr8                          0x0800082d   Thumb Code     0  rt_memclr_w.o(.text)
    __rt_memclr_w                            0x0800082d   Thumb Code    78  rt_memclr_w.o(.text)
    _memset_w                                0x08000831   Thumb Code     0  rt_memclr_w.o(.text)
    strncpy                                  0x0800087b   Thumb Code    86  strncpy.o(.text)
    __use_two_region_memory                  0x080008d1   Thumb Code     2  heapauxi.o(.text)
    __rt_heap_escrow$2region                 0x080008d3   Thumb Code     2  heapauxi.o(.text)
    __rt_heap_expand$2region                 0x080008d5   Thumb Code     2  heapauxi.o(.text)
    _printf_truncate_signed                  0x080008d7   Thumb Code    18  _printf_truncate.o(.text)
    _printf_truncate_unsigned                0x080008e9   Thumb Code    18  _printf_truncate.o(.text)
    _printf_int_common                       0x080008fb   Thumb Code   178  _printf_intcommon.o(.text)
    _printf_charcount                        0x080009ad   Thumb Code    40  _printf_charcount.o(.text)
    _printf_char_common                      0x080009df   Thumb Code    32  _printf_char_common.o(.text)
    _sputc                                   0x08000a05   Thumb Code    10  _sputc.o(.text)
    _printf_cs_common                        0x08000a0f   Thumb Code    20  _printf_char.o(.text)
    _printf_char                             0x08000a23   Thumb Code    16  _printf_char.o(.text)
    _printf_string                           0x08000a33   Thumb Code     8  _printf_char.o(.text)
    _printf_wctomb                           0x08000a3d   Thumb Code   182  _printf_wctomb.o(.text)
    _printf_longlong_dec                     0x08000af9   Thumb Code   108  _printf_longlong_dec.o(.text)
    _printf_longlong_oct                     0x08000b75   Thumb Code    66  _printf_oct_int_ll.o(.text)
    _printf_int_oct                          0x08000bb7   Thumb Code    24  _printf_oct_int_ll.o(.text)
    _printf_ll_oct                           0x08000bcf   Thumb Code    12  _printf_oct_int_ll.o(.text)
    _ll_udiv10                               0x08000be5   Thumb Code   138  lludiv10.o(.text)
    __lib_sel_fp_printf                      0x08000c6f   Thumb Code     2  _printf_fp_dec.o(.text)
    _printf_fp_dec_real                      0x08000e21   Thumb Code   620  _printf_fp_dec.o(.text)
    _printf_lcs_common                       0x0800108d   Thumb Code    20  _printf_wchar.o(.text)
    _printf_wchar                            0x080010a1   Thumb Code    16  _printf_wchar.o(.text)
    _printf_wstring                          0x080010b1   Thumb Code     8  _printf_wchar.o(.text)
    _wcrtomb                                 0x080010b9   Thumb Code    64  _wcrtomb.o(.text)
    __user_setup_stackheap                   0x080010f9   Thumb Code    74  sys_stackheap_outer.o(.text)
    __rt_ctype_table                         0x08001145   Thumb Code    16  rt_ctype_table.o(.text)
    __rt_locale                              0x08001155   Thumb Code     8  rt_locale_intlibspace.o(.text)
    _printf_fp_infnan                        0x0800115d   Thumb Code   112  _printf_fp_infnan.o(.text)
    _btod_etento                             0x080011dd   Thumb Code   224  bigflt0.o(.text)
    exit                                     0x080012c1   Thumb Code    18  exit.o(.text)
    __user_libspace                          0x080012d5   Thumb Code     8  libspace.o(.text)
    __user_perproc_libspace                  0x080012d5   Thumb Code     0  libspace.o(.text)
    __user_perthread_libspace                0x080012d5   Thumb Code     0  libspace.o(.text)
    strcmp                                   0x080012dd   Thumb Code   128  strcmpv7m.o(.text)
    _sys_exit                                0x0800135d   Thumb Code     8  sys_exit.o(.text)
    __I$use$semihosting                      0x08001369   Thumb Code     0  use_no_semi.o(.text)
    __use_no_semihosting_swi                 0x08001369   Thumb Code     2  use_no_semi.o(.text)
    __semihosting_library_function           0x0800136b   Thumb Code     0  indicate_semi.o(.text)
    _btod_d2e                                0x0800136b   Thumb Code    62  btod.o(CL$$btod_d2e)
    _d2e_denorm_low                          0x080013a9   Thumb Code    70  btod.o(CL$$btod_d2e_denorm_low)
    _d2e_norm_op1                            0x080013ef   Thumb Code    96  btod.o(CL$$btod_d2e_norm_op1)
    __btod_div_common                        0x0800144f   Thumb Code   696  btod.o(CL$$btod_div_common)
    _e2e                                     0x08001787   Thumb Code   220  btod.o(CL$$btod_e2e)
    _btod_ediv                               0x08001863   Thumb Code    42  btod.o(CL$$btod_ediv)
    _btod_emul                               0x0800188d   Thumb Code    42  btod.o(CL$$btod_emul)
    __btod_mult_common                       0x080018b7   Thumb Code   580  btod.o(CL$$btod_mult_common)
    AliIoT_Parameter_Init                    0x08001afd   Thumb Code   150  mqtt.o(i.AliIoT_Parameter_Init)
    BusFault_Handler                         0x08001c49   Thumb Code     2  stm32f10x_it.o(i.BusFault_Handler)
    CMDBuf_Deal                              0x08001c4d   Thumb Code    96  mqtt.o(i.CMDBuf_Deal)
    DHCP_init                                0x08001cb9   Thumb Code   150  dhcp.o(i.DHCP_init)
    DHCP_run                                 0x08001d69   Thumb Code   424  dhcp.o(i.DHCP_run)
    DMA_Cmd                                  0x08001f41   Thumb Code    24  stm32f10x_dma.o(i.DMA_Cmd)
    DMA_DeInit                               0x08001f59   Thumb Code   324  stm32f10x_dma.o(i.DMA_DeInit)
    DMA_GetCurrDataCounter                   0x080020a5   Thumb Code     8  stm32f10x_dma.o(i.DMA_GetCurrDataCounter)
    DMA_Init                                 0x080020ad   Thumb Code    60  stm32f10x_dma.o(i.DMA_Init)
    DMA_SetCurrDataCounter                   0x080020e9   Thumb Code     4  stm32f10x_dma.o(i.DMA_SetCurrDataCounter)
    DNS_init                                 0x080020ed   Thumb Code    18  dns.o(i.DNS_init)
    DNS_run                                  0x0800210d   Thumb Code   182  dns.o(i.DNS_run)
    DataProcess                              0x080021cd   Thumb Code   192  usart1.o(i.DataProcess)
    DebugMon_Handler                         0x080022a5   Thumb Code     2  stm32f10x_it.o(i.DebugMon_Handler)
    Delay_Init                               0x080022a7   Thumb Code    12  delay.o(i.Delay_Init)
    Delay_Ms                                 0x080022b5   Thumb Code   242  delay.o(i.Delay_Ms)
    GPIO_Init                                0x080023ad   Thumb Code   278  stm32f10x_gpio.o(i.GPIO_Init)
    GPIO_PinRemapConfig                      0x080024c5   Thumb Code   138  stm32f10x_gpio.o(i.GPIO_PinRemapConfig)
    GPIO_ResetBits                           0x08002555   Thumb Code     4  stm32f10x_gpio.o(i.GPIO_ResetBits)
    GPIO_SetBits                             0x08002559   Thumb Code     4  stm32f10x_gpio.o(i.GPIO_SetBits)
    GetChipID                                0x0800255d   Thumb Code    24  chip.o(i.GetChipID)
    HardFault_Handler                        0x08002579   Thumb Code     2  stm32f10x_it.o(i.HardFault_Handler)
    JTAGRemapGPIOInit                        0x0800257d   Thumb Code    74  spi.o(i.JTAGRemapGPIOInit)
    LED_LocationStaInit                      0x080025d5   Thumb Code    40  led.o(i.LED_LocationStaInit)
    LED_LocationStaOff                       0x08002601   Thumb Code    14  led.o(i.LED_LocationStaOff)
    LED_LocationStaOn                        0x08002615   Thumb Code    14  led.o(i.LED_LocationStaOn)
    LED_PubState                             0x08002629   Thumb Code    40  main.o(i.LED_PubState)
    MQTT_Buff_Init                           0x08002659   Thumb Code    86  mqtt.o(i.MQTT_Buff_Init)
    MQTT_CheckConnectStatus                  0x080026fd   Thumb Code    96  main.o(i.MQTT_CheckConnectStatus)
    MQTT_ConectPack                          0x08002869   Thumb Code   496  mqtt.o(i.MQTT_ConectPack)
    MQTT_DealPushdata_Qs0                    0x08002a81   Thumb Code   234  mqtt.o(i.MQTT_DealPushdata_Qs0)
    MQTT_PingREQ                             0x08002b89   Thumb Code    22  mqtt.o(i.MQTT_PingREQ)
    MQTT_PublishQs0                          0x08002ba5   Thumb Code   220  mqtt.o(i.MQTT_PublishQs0)
    MQTT_Subscribe                           0x08002c91   Thumb Code   134  mqtt.o(i.MQTT_Subscribe)
    MYDMA_Enable                             0x08002d29   Thumb Code    30  dma.o(i.MYDMA_Enable)
    MemManage_Handler                        0x08002d4d   Thumb Code     2  stm32f10x_it.o(i.MemManage_Handler)
    My_DMA_Init                              0x08002d51   Thumb Code    86  dma.o(i.My_DMA_Init)
    NMI_Handler                              0x08002db5   Thumb Code     2  stm32f10x_it.o(i.NMI_Handler)
    NVIC_Init                                0x08002db9   Thumb Code   100  misc.o(i.NVIC_Init)
    NVIC_PriorityGroupConfig                 0x08002e29   Thumb Code    10  misc.o(i.NVIC_PriorityGroupConfig)
    PendSV_Handler                           0x08002e61   Thumb Code     2  stm32f10x_it.o(i.PendSV_Handler)
    RCC_AHBPeriphClockCmd                    0x08002e65   Thumb Code    26  stm32f10x_rcc.o(i.RCC_AHBPeriphClockCmd)
    RCC_APB1PeriphClockCmd                   0x08002e85   Thumb Code    26  stm32f10x_rcc.o(i.RCC_APB1PeriphClockCmd)
    RCC_APB1PeriphResetCmd                   0x08002ea5   Thumb Code    26  stm32f10x_rcc.o(i.RCC_APB1PeriphResetCmd)
    RCC_APB2PeriphClockCmd                   0x08002ec5   Thumb Code    26  stm32f10x_rcc.o(i.RCC_APB2PeriphClockCmd)
    RCC_APB2PeriphResetCmd                   0x08002ee5   Thumb Code    26  stm32f10x_rcc.o(i.RCC_APB2PeriphResetCmd)
    RCC_GetClocksFreq                        0x08002f05   Thumb Code   192  stm32f10x_rcc.o(i.RCC_GetClocksFreq)
    SPI_CS_Deselect                          0x08002fd9   Thumb Code    14  spi.o(i.SPI_CS_Deselect)
    SPI_CS_Select                            0x08002fed   Thumb Code    14  spi.o(i.SPI_CS_Select)
    SPI_Cmd                                  0x08003001   Thumb Code    24  stm32f10x_spi.o(i.SPI_Cmd)
    SPI_Configuration                        0x08003019   Thumb Code    88  spi.o(i.SPI_Configuration)
    SPI_CrisEnter                            0x08003075   Thumb Code    10  spi.o(i.SPI_CrisEnter)
    SPI_CrisExit                             0x0800307f   Thumb Code    10  spi.o(i.SPI_CrisExit)
    SPI_GPIO_Configuration                   0x08003089   Thumb Code   156  spi.o(i.SPI_GPIO_Configuration)
    SPI_Init                                 0x0800312d   Thumb Code    60  stm32f10x_spi.o(i.SPI_Init)
    SPI_ReadByte                             0x08003169   Thumb Code    46  spi.o(i.SPI_ReadByte)
    SPI_SSOutputCmd                          0x0800319d   Thumb Code    24  stm32f10x_spi.o(i.SPI_SSOutputCmd)
    SPI_WriteByte                            0x080031b5   Thumb Code    42  spi.o(i.SPI_WriteByte)
    SVC_Handler                              0x080031e5   Thumb Code     2  stm32f10x_it.o(i.SVC_Handler)
    SysTick_CLKSourceConfig                  0x080032d1   Thumb Code    40  misc.o(i.SysTick_CLKSourceConfig)
    SysTick_Handler                          0x080032f9   Thumb Code     2  stm32f10x_it.o(i.SysTick_Handler)
    SystemInit                               0x080032fd   Thumb Code    78  system_stm32f10x.o(i.SystemInit)
    TIM3_ENABLE_10S                          0x0800335d   Thumb Code   114  timer3.o(i.TIM3_ENABLE_10S)
    TIM3_IRQHandler                          0x080033d5   Thumb Code    98  stm32f10x_it.o(i.TIM3_IRQHandler)
    TIM_ClearITPendingBit                    0x08003489   Thumb Code     6  stm32f10x_tim.o(i.TIM_ClearITPendingBit)
    TIM_Cmd                                  0x0800348f   Thumb Code    24  stm32f10x_tim.o(i.TIM_Cmd)
    TIM_DeInit                               0x080034a9   Thumb Code   424  stm32f10x_tim.o(i.TIM_DeInit)
    TIM_GetITStatus                          0x08003691   Thumb Code    34  stm32f10x_tim.o(i.TIM_GetITStatus)
    TIM_ITConfig                             0x080036b3   Thumb Code    18  stm32f10x_tim.o(i.TIM_ITConfig)
    TIM_SetCounter                           0x080036c5   Thumb Code     4  stm32f10x_tim.o(i.TIM_SetCounter)
    TIM_TimeBaseInit                         0x080036c9   Thumb Code   122  stm32f10x_tim.o(i.TIM_TimeBaseInit)
    TxDataBuf_Deal                           0x0800376d   Thumb Code    86  mqtt.o(i.TxDataBuf_Deal)
    USART1_IRQHandler                        0x080037d1   Thumb Code     2  stm32f10x_it.o(i.USART1_IRQHandler)
    USART_ClearFlag                          0x080037d3   Thumb Code    18  stm32f10x_usart.o(i.USART_ClearFlag)
    USART_Cmd                                0x080037e5   Thumb Code    24  stm32f10x_usart.o(i.USART_Cmd)
    USART_DMACmd                             0x080037fd   Thumb Code    18  stm32f10x_usart.o(i.USART_DMACmd)
    USART_ITConfig                           0x0800380f   Thumb Code    74  stm32f10x_usart.o(i.USART_ITConfig)
    USART_Init                               0x08003859   Thumb Code   210  stm32f10x_usart.o(i.USART_Init)
    UsageFault_Handler                       0x08003931   Thumb Code     2  stm32f10x_it.o(i.UsageFault_Handler)
    Usart1_Init                              0x08003935   Thumb Code   174  usart1.o(i.Usart1_Init)
    W5500_DNS                                0x080039ed   Thumb Code    76  main.o(i.W5500_DNS)
    W5500_TxData                             0x08003a89   Thumb Code    44  main.o(i.W5500_TxData)
    W5500_init                               0x08003ac5   Thumb Code   172  main.o(i.W5500_init)
    WIZCHIP_READ                             0x08003bf5   Thumb Code    70  w5500.o(i.WIZCHIP_READ)
    WIZCHIP_READ_BUF                         0x08003c41   Thumb Code    94  w5500.o(i.WIZCHIP_READ_BUF)
    WIZCHIP_WRITE                            0x08003ca5   Thumb Code    72  w5500.o(i.WIZCHIP_WRITE)
    WIZCHIP_WRITE_BUF                        0x08003cf1   Thumb Code    96  w5500.o(i.WIZCHIP_WRITE_BUF)
    __ARM_fpclassify                         0x08003d55   Thumb Code    40  fpclassify.o(i.__ARM_fpclassify)
    _is_digit                                0x08003d7d   Thumb Code    14  __printf_wp.o(i._is_digit)
    check_DHCP_leasedIP                      0x08003d8d   Thumb Code    88  dhcp.o(i.check_DHCP_leasedIP)
    check_DHCP_timeout                       0x08003e05   Thumb Code   154  dhcp.o(i.check_DHCP_timeout)
    check_DNS_timeout                        0x08003eb1   Thumb Code    50  dns.o(i.check_DNS_timeout)
    close                                    0x08003eed   Thumb Code   128  socket.o(i.close)
    connect                                  0x08003f79   Thumb Code   322  socket.o(i.connect)
    ctlnetwork                               0x080040c1   Thumb Code    80  wizchip_conf.o(i.ctlnetwork)
    ctlwizchip                               0x08004111   Thumb Code   276  wizchip_conf.o(i.ctlwizchip)
    default_ip_assign                        0x08004229   Thumb Code    38  dhcp.o(i.default_ip_assign)
    default_ip_conflict                      0x0800425d   Thumb Code    30  dhcp.o(i.default_ip_conflict)
    default_ip_update                        0x08004281   Thumb Code    34  dhcp.o(i.default_ip_update)
    disconnect                               0x080042a9   Thumb Code   180  socket.o(i.disconnect)
    dns_answer                               0x08004365   Thumb Code   256  dns.o(i.dns_answer)
    dns_makequery                            0x08004465   Thumb Code   220  dns.o(i.dns_makequery)
    dns_question                             0x08004545   Thumb Code    42  dns.o(i.dns_question)
    get16                                    0x0800456f   Thumb Code    16  dns.o(i.get16)
    getDHCPLeasetime                         0x08004581   Thumb Code     6  dhcp.o(i.getDHCPLeasetime)
    getDNSfromDHCP                           0x0800458d   Thumb Code    26  dhcp.o(i.getDNSfromDHCP)
    getGWfromDHCP                            0x080045ad   Thumb Code    26  dhcp.o(i.getGWfromDHCP)
    getIPfromDHCP                            0x080045cd   Thumb Code    26  dhcp.o(i.getIPfromDHCP)
    getSNfromDHCP                            0x080045ed   Thumb Code    26  dhcp.o(i.getSNfromDHCP)
    getSn_RX_RSR                             0x0800460d   Thumb Code   108  w5500.o(i.getSn_RX_RSR)
    getSn_TX_FSR                             0x08004679   Thumb Code   108  w5500.o(i.getSn_TX_FSR)
    main                                     0x080046e5   Thumb Code   986  main.o(i.main)
    makeDHCPMSG                              0x08004d0d   Thumb Code   386  dhcp.o(i.makeDHCPMSG)
    my_ip_assign                             0x08004e9d   Thumb Code    60  main.o(i.my_ip_assign)
    my_ip_conflict                           0x08004ef1   Thumb Code    10  main.o(i.my_ip_conflict)
    network_init                             0x08004f15   Thumb Code   206  main.o(i.network_init)
    parseDHCPMSG                             0x080050dd   Thumb Code   454  dhcp.o(i.parseDHCPMSG)
    parseDNSMSG                              0x080052c5   Thumb Code   250  dns.o(i.parseDNSMSG)
    parse_name                               0x080053bf   Thumb Code   150  dns.o(i.parse_name)
    put16                                    0x08005455   Thumb Code    12  dns.o(i.put16)
    recv                                     0x08005461   Thumb Code    84  socket.o(i.recv)
    recvfrom                                 0x080054b5   Thumb Code   602  socket.o(i.recvfrom)
    reg_dhcp_cbfunc                          0x0800571d   Thumb Code    40  dhcp.o(i.reg_dhcp_cbfunc)
    reg_wizchip_cris_cbfunc                  0x0800575d   Thumb Code    26  wizchip_conf.o(i.reg_wizchip_cris_cbfunc)
    reg_wizchip_cs_cbfunc                    0x08005785   Thumb Code    26  wizchip_conf.o(i.reg_wizchip_cs_cbfunc)
    reg_wizchip_spi_cbfunc                   0x080057ad   Thumb Code    40  wizchip_conf.o(i.reg_wizchip_spi_cbfunc)
    reset_DHCP_timeout                       0x080057e1   Thumb Code    20  dhcp.o(i.reset_DHCP_timeout)
    send                                     0x08005801   Thumb Code   374  socket.o(i.send)
    send_DHCP_DECLINE                        0x08005981   Thumb Code   492  dhcp.o(i.send_DHCP_DECLINE)
    send_DHCP_DISCOVER                       0x08005b81   Thumb Code   532  dhcp.o(i.send_DHCP_DISCOVER)
    send_DHCP_REQUEST                        0x08005da5   Thumb Code   886  dhcp.o(i.send_DHCP_REQUEST)
    sendto                                   0x08006139   Thumb Code   460  socket.o(i.sendto)
    socket                                   0x08006309   Thumb Code   346  socket.o(i.socket)
    u1_printf                                0x08006479   Thumb Code    84  usart1.o(i.u1_printf)
    wiz_recv_data                            0x080064d5   Thumb Code   132  w5500.o(i.wiz_recv_data)
    wiz_recv_ignore                          0x08006559   Thumb Code   102  w5500.o(i.wiz_recv_ignore)
    wiz_send_data                            0x080065bf   Thumb Code   132  w5500.o(i.wiz_send_data)
    wizchip_bus_readbyte                     0x08006643   Thumb Code     6  wizchip_conf.o(i.wizchip_bus_readbyte)
    wizchip_bus_writebyte                    0x08006649   Thumb Code     4  wizchip_conf.o(i.wizchip_bus_writebyte)
    wizchip_clrinterrupt                     0x0800664d   Thumb Code    32  wizchip_conf.o(i.wizchip_clrinterrupt)
    wizchip_cris_enter                       0x0800666d   Thumb Code     2  wizchip_conf.o(i.wizchip_cris_enter)
    wizchip_cris_exit                        0x0800666f   Thumb Code     2  wizchip_conf.o(i.wizchip_cris_exit)
    wizchip_cs_deselect                      0x08006671   Thumb Code     2  wizchip_conf.o(i.wizchip_cs_deselect)
    wizchip_cs_select                        0x08006673   Thumb Code     2  wizchip_conf.o(i.wizchip_cs_select)
    wizchip_getinterrupt                     0x08006675   Thumb Code    42  wizchip_conf.o(i.wizchip_getinterrupt)
    wizchip_getinterruptmask                 0x0800669f   Thumb Code    40  wizchip_conf.o(i.wizchip_getinterruptmask)
    wizchip_getnetinfo                       0x080066c9   Thumb Code    82  wizchip_conf.o(i.wizchip_getnetinfo)
    wizchip_getnetmode                       0x08006725   Thumb Code    10  wizchip_conf.o(i.wizchip_getnetmode)
    wizchip_gettimeout                       0x0800672f   Thumb Code    40  wizchip_conf.o(i.wizchip_gettimeout)
    wizchip_init                             0x08006757   Thumb Code   144  wizchip_conf.o(i.wizchip_init)
    wizchip_setinterruptmask                 0x080067e7   Thumb Code    30  wizchip_conf.o(i.wizchip_setinterruptmask)
    wizchip_setnetinfo                       0x08006805   Thumb Code    80  wizchip_conf.o(i.wizchip_setnetinfo)
    wizchip_setnetmode                       0x0800685d   Thumb Code    38  wizchip_conf.o(i.wizchip_setnetmode)
    wizchip_settimeout                       0x08006883   Thumb Code    38  wizchip_conf.o(i.wizchip_settimeout)
    wizchip_spi_readbyte                     0x080068a9   Thumb Code     4  wizchip_conf.o(i.wizchip_spi_readbyte)
    wizchip_spi_writebyte                    0x080068ad   Thumb Code     2  wizchip_conf.o(i.wizchip_spi_writebyte)
    wizchip_sw_reset                         0x080068af   Thumb Code   114  wizchip_conf.o(i.wizchip_sw_reset)
    wizphy_getphyconf                        0x08006921   Thumb Code   120  wizchip_conf.o(i.wizphy_getphyconf)
    wizphy_getphylink                        0x08006999   Thumb Code    26  wizchip_conf.o(i.wizphy_getphylink)
    wizphy_getphypmode                       0x080069b3   Thumb Code    28  wizchip_conf.o(i.wizphy_getphypmode)
    wizphy_reset                             0x080069cf   Thumb Code    52  wizchip_conf.o(i.wizphy_reset)
    wizphy_setphyconf                        0x08006a03   Thumb Code    88  wizchip_conf.o(i.wizphy_setphyconf)
    wizphy_setphypmode                       0x08006a5b   Thumb Code   100  wizchip_conf.o(i.wizphy_setphypmode)
    _get_lc_numeric                          0x08006ac1   Thumb Code    44  lc_numeric_c.o(locale$$code)
    _get_lc_ctype                            0x08006aed   Thumb Code    44  lc_ctype_c.o(locale$$code)
    _printf_fp_dec                           0x08006b19   Thumb Code     4  printf1.o(x$fpl$printf1)
    __I$use$fp                               0x08006b1c   Number         0  usenofp.o(x$fpl$usenofp)
    Region$$Table$$Base                      0x08006c54   Number         0  anon$$obj.o(Region$$Table)
    Region$$Table$$Limit                     0x08006c74   Number         0  anon$$obj.o(Region$$Table)
    __ctype                                  0x08006c9d   Data           0  lc_ctype_c.o(locale$$data)
    DNS_flag                                 0x20000000   Data           1  main.o(.data)
    tcp_state                                0x20000004   Data           4  main.o(.data)
    temp_state                               0x20000008   Data           4  main.o(.data)
    my_dhcp_retry                            0x2000000c   Data           1  main.o(.data)
    SOCK_flag                                0x2000000d   Data           1  main.o(.data)
    usart_it_flag                            0x2000000e   Data           1  main.o(.data)
    gWIZNETINFO                              0x2000000f   Data          23  main.o(.data)
    dns2                                     0x20000026   Data           4  main.o(.data)
    Usart1_RxCompleted                       0x2000002c   Data           1  usart1.o(.data)
    Usart1_RxCounter                         0x20000030   Data           4  usart1.o(.data)
    data_receiving_counter                   0x20000034   Data           2  usart1.o(.data)
    recv_data                                0x20000036   Data           2  usart1.o(.data)
    data_cut_flag                            0x20000038   Data           1  usart1.o(.data)
    data_read_flag                           0x20000039   Data           1  usart1.o(.data)
    MQTT_RxDataInPtr                         0x2000003c   Data           4  mqtt.o(.data)
    MQTT_RxDataOutPtr                        0x20000040   Data           4  mqtt.o(.data)
    MQTT_RxDataEndPtr                        0x20000044   Data           4  mqtt.o(.data)
    MQTT_TxDataInPtr                         0x20000048   Data           4  mqtt.o(.data)
    MQTT_TxDataOutPtr                        0x2000004c   Data           4  mqtt.o(.data)
    MQTT_TxDataEndPtr                        0x20000050   Data           4  mqtt.o(.data)
    MQTT_CMDInPtr                            0x20000054   Data           4  mqtt.o(.data)
    MQTT_CMDOutPtr                           0x20000058   Data           4  mqtt.o(.data)
    MQTT_CMDEndPtr                           0x2000005c   Data           4  mqtt.o(.data)
    ClientID_len                             0x20000060   Data           4  mqtt.o(.data)
    Username_len                             0x20000064   Data           4  mqtt.o(.data)
    Passward_len                             0x20000068   Data           4  mqtt.o(.data)
    ServerIP                                 0x2000006c   Data           4  mqtt.o(.data)
    ServerPort                               0x20000070   Data           4  mqtt.o(.data)
    Fixed_len                                0x20000074   Data           4  mqtt.o(.data)
    Variable_len                             0x20000078   Data           4  mqtt.o(.data)
    Payload_len                              0x2000007c   Data           4  mqtt.o(.data)
    Connect_flag                             0x20000080   Data           1  mqtt.o(.data)
    g_connectPackFlag                        0x20000081   Data           1  mqtt.o(.data)
    SubcribePack_flag                        0x20000082   Data           1  mqtt.o(.data)
    WIZCHIP                                  0x20000084   Data          32  wizchip_conf.o(.data)
    DHCP_SOCKET                              0x200000b8   Data           1  dhcp.o(.data)
    DHCP_SIP                                 0x200000b9   Data           4  dhcp.o(.data)
    OLD_allocated_ip                         0x200000bd   Data           4  dhcp.o(.data)
    DHCP_allocated_ip                        0x200000c1   Data           4  dhcp.o(.data)
    DHCP_allocated_gw                        0x200000c5   Data           4  dhcp.o(.data)
    DHCP_allocated_sn                        0x200000c9   Data           4  dhcp.o(.data)
    DHCP_allocated_dns                       0x200000cd   Data           4  dhcp.o(.data)
    dhcp_state                               0x200000d1   Data           1  dhcp.o(.data)
    dhcp_retry_count                         0x200000d2   Data           1  dhcp.o(.data)
    dhcp_lease_time                          0x200000d4   Data           4  dhcp.o(.data)
    dhcp_tick_1s                             0x200000d8   Data           4  dhcp.o(.data)
    dhcp_tick_next                           0x200000dc   Data           4  dhcp.o(.data)
    DHCP_XID                                 0x200000e0   Data           4  dhcp.o(.data)
    pDHCPMSG                                 0x200000e4   Data           4  dhcp.o(.data)
    HOST_NAME                                0x200000e8   Data           8  dhcp.o(.data)
    DHCP_CHADDR                              0x200000f0   Data           6  dhcp.o(.data)
    dhcp_ip_assign                           0x200000f8   Data           4  dhcp.o(.data)
    dhcp_ip_update                           0x200000fc   Data           4  dhcp.o(.data)
    dhcp_ip_conflict                         0x20000100   Data           4  dhcp.o(.data)
    pDNSMSG                                  0x20000104   Data           4  dns.o(.data)
    DNS_SOCKET                               0x20000108   Data           1  dns.o(.data)
    DNS_MSGID                                0x2000010a   Data           2  dns.o(.data)
    dns_1s_tick                              0x2000010c   Data           4  dns.o(.data)
    gDATABUF                                 0x20000128   Data        2048  main.o(.bss)
    gDNSBUF                                  0x20000928   Data        1024  main.o(.bss)
    Chip_ID                                  0x20000d28   Data          12  main.o(.bss)
    Usart1_RxBuff                            0x20000d38   Data         256  usart1.o(.bss)
    DataBuff                                 0x20000e38   Data        4800  usart1.o(.bss)
    Usart1_TxBuff                            0x200020f8   Data         256  usart1.o(.bss)
    P_TOPIC_NAME                             0x200021f8   Data         128  mqtt.o(.bss)
    MQTT_RxDataBuf                           0x20002278   Data        2400  mqtt.o(.bss)
    MQTT_TxDataBuf                           0x20002bd8   Data        2400  mqtt.o(.bss)
    MQTT_CMDBuf                              0x20003538   Data        2400  mqtt.o(.bss)
    ClientID                                 0x20003e98   Data         128  mqtt.o(.bss)
    Username                                 0x20003f18   Data         128  mqtt.o(.bss)
    Passward                                 0x20003f98   Data         128  mqtt.o(.bss)
    ServerName                               0x20004018   Data         128  mqtt.o(.bss)
    temp_buff                                0x20004098   Data         300  mqtt.o(.bss)
    __libspace_start                         0x200041d4   Data          96  libspace.o(.bss)
    __temporary_stack_top$libspace           0x20004234   Data           0  libspace.o(.bss)



==============================================================================

Memory Map of the image

  Image Entry point : 0x08000279

  Load Region LR_1 (Base: 0x08000000, Size: 0x00006ec8, Max: 0xffffffff, ABSOLUTE)

    Execution Region ER_RO (Exec base: 0x08000000, Load base: 0x08000000, Size: 0x00006da0, Max: 0xffffffff, ABSOLUTE)

    Exec Addr    Load Addr    Size         Type   Attr      Idx    E Section Name        Object

    0x08000000   0x08000000   0x00000130   Data   RO         1223    RESET               startup_stm32f10x_hd.o
    0x08000130   0x08000130   0x00000008   Code   RO         2829  * !!!main             c_w.l(__main.o)
    0x08000138   0x08000138   0x00000034   Code   RO         3087    !!!scatter          c_w.l(__scatter.o)
    0x0800016c   0x0800016c   0x0000001a   Code   RO         3089    !!handler_copy      c_w.l(__scatter_copy.o)
    0x08000186   0x08000186   0x00000002   PAD
    0x08000188   0x08000188   0x0000001c   Code   RO         3091    !!handler_zi        c_w.l(__scatter_zi.o)
    0x080001a4   0x080001a4   0x00000000   Code   RO         2806    .ARM.Collect$$_printf_percent$$00000000  c_w.l(_printf_percent.o)
    0x080001a4   0x080001a4   0x00000006   Code   RO         2855    .ARM.Collect$$_printf_percent$$00000001  c_w.l(_printf_n.o)
    0x080001aa   0x080001aa   0x00000006   Code   RO         2856    .ARM.Collect$$_printf_percent$$00000002  c_w.l(_printf_p.o)
    0x080001b0   0x080001b0   0x00000006   Code   RO         2860    .ARM.Collect$$_printf_percent$$00000003  c_w.l(_printf_f.o)
    0x080001b6   0x080001b6   0x00000006   Code   RO         2861    .ARM.Collect$$_printf_percent$$00000004  c_w.l(_printf_e.o)
    0x080001bc   0x080001bc   0x00000006   Code   RO         2862    .ARM.Collect$$_printf_percent$$00000005  c_w.l(_printf_g.o)
    0x080001c2   0x080001c2   0x00000006   Code   RO         2863    .ARM.Collect$$_printf_percent$$00000006  c_w.l(_printf_a.o)
    0x080001c8   0x080001c8   0x0000000a   Code   RO         2868    .ARM.Collect$$_printf_percent$$00000007  c_w.l(_printf_ll.o)
    0x080001d2   0x080001d2   0x00000006   Code   RO         2858    .ARM.Collect$$_printf_percent$$00000008  c_w.l(_printf_i.o)
    0x080001d8   0x080001d8   0x00000006   Code   RO         2805    .ARM.Collect$$_printf_percent$$00000009  c_w.l(_printf_d.o)
    0x080001de   0x080001de   0x00000006   Code   RO         2859    .ARM.Collect$$_printf_percent$$0000000A  c_w.l(_printf_u.o)
    0x080001e4   0x080001e4   0x00000006   Code   RO         2857    .ARM.Collect$$_printf_percent$$0000000B  c_w.l(_printf_o.o)
    0x080001ea   0x080001ea   0x00000006   Code   RO         2804    .ARM.Collect$$_printf_percent$$0000000C  c_w.l(_printf_x.o)
    0x080001f0   0x080001f0   0x00000006   Code   RO         2865    .ARM.Collect$$_printf_percent$$0000000D  c_w.l(_printf_lli.o)
    0x080001f6   0x080001f6   0x00000006   Code   RO         2866    .ARM.Collect$$_printf_percent$$0000000E  c_w.l(_printf_lld.o)
    0x080001fc   0x080001fc   0x00000006   Code   RO         2867    .ARM.Collect$$_printf_percent$$0000000F  c_w.l(_printf_llu.o)
    0x08000202   0x08000202   0x00000006   Code   RO         2872    .ARM.Collect$$_printf_percent$$00000010  c_w.l(_printf_llo.o)
    0x08000208   0x08000208   0x00000006   Code   RO         2873    .ARM.Collect$$_printf_percent$$00000011  c_w.l(_printf_llx.o)
    0x0800020e   0x0800020e   0x0000000a   Code   RO         2869    .ARM.Collect$$_printf_percent$$00000012  c_w.l(_printf_l.o)
    0x08000218   0x08000218   0x00000006   Code   RO         2802    .ARM.Collect$$_printf_percent$$00000013  c_w.l(_printf_c.o)
    0x0800021e   0x0800021e   0x00000006   Code   RO         2803    .ARM.Collect$$_printf_percent$$00000014  c_w.l(_printf_s.o)
    0x08000224   0x08000224   0x00000006   Code   RO         2870    .ARM.Collect$$_printf_percent$$00000015  c_w.l(_printf_lc.o)
    0x0800022a   0x0800022a   0x00000006   Code   RO         2871    .ARM.Collect$$_printf_percent$$00000016  c_w.l(_printf_ls.o)
    0x08000230   0x08000230   0x00000004   Code   RO         2864    .ARM.Collect$$_printf_percent$$00000017  c_w.l(_printf_percent_end.o)
    0x08000234   0x08000234   0x00000002   Code   RO         2947    .ARM.Collect$$libinit$$00000000  c_w.l(libinit.o)
    0x08000236   0x08000236   0x00000000   Code   RO         2964    .ARM.Collect$$libinit$$00000002  c_w.l(libinit2.o)
    0x08000236   0x08000236   0x00000000   Code   RO         2966    .ARM.Collect$$libinit$$00000004  c_w.l(libinit2.o)
    0x08000236   0x08000236   0x00000000   Code   RO         2969    .ARM.Collect$$libinit$$0000000A  c_w.l(libinit2.o)
    0x08000236   0x08000236   0x00000000   Code   RO         2971    .ARM.Collect$$libinit$$0000000C  c_w.l(libinit2.o)
    0x08000236   0x08000236   0x00000000   Code   RO         2973    .ARM.Collect$$libinit$$0000000E  c_w.l(libinit2.o)
    0x08000236   0x08000236   0x00000006   Code   RO         2974    .ARM.Collect$$libinit$$0000000F  c_w.l(libinit2.o)
    0x0800023c   0x0800023c   0x00000000   Code   RO         2976    .ARM.Collect$$libinit$$00000011  c_w.l(libinit2.o)
    0x0800023c   0x0800023c   0x0000000c   Code   RO         2977    .ARM.Collect$$libinit$$00000012  c_w.l(libinit2.o)
    0x08000248   0x08000248   0x00000000   Code   RO         2978    .ARM.Collect$$libinit$$00000013  c_w.l(libinit2.o)
    0x08000248   0x08000248   0x00000000   Code   RO         2980    .ARM.Collect$$libinit$$00000015  c_w.l(libinit2.o)
    0x08000248   0x08000248   0x0000000a   Code   RO         2981    .ARM.Collect$$libinit$$00000016  c_w.l(libinit2.o)
    0x08000252   0x08000252   0x00000000   Code   RO         2982    .ARM.Collect$$libinit$$00000017  c_w.l(libinit2.o)
    0x08000252   0x08000252   0x00000000   Code   RO         2984    .ARM.Collect$$libinit$$00000019  c_w.l(libinit2.o)
    0x08000252   0x08000252   0x00000000   Code   RO         2986    .ARM.Collect$$libinit$$0000001B  c_w.l(libinit2.o)
    0x08000252   0x08000252   0x00000000   Code   RO         2988    .ARM.Collect$$libinit$$0000001D  c_w.l(libinit2.o)
    0x08000252   0x08000252   0x00000000   Code   RO         2990    .ARM.Collect$$libinit$$0000001F  c_w.l(libinit2.o)
    0x08000252   0x08000252   0x00000000   Code   RO         2992    .ARM.Collect$$libinit$$00000021  c_w.l(libinit2.o)
    0x08000252   0x08000252   0x00000000   Code   RO         2994    .ARM.Collect$$libinit$$00000023  c_w.l(libinit2.o)
    0x08000252   0x08000252   0x00000000   Code   RO         2996    .ARM.Collect$$libinit$$00000025  c_w.l(libinit2.o)
    0x08000252   0x08000252   0x00000000   Code   RO         3000    .ARM.Collect$$libinit$$0000002C  c_w.l(libinit2.o)
    0x08000252   0x08000252   0x00000000   Code   RO         3002    .ARM.Collect$$libinit$$0000002E  c_w.l(libinit2.o)
    0x08000252   0x08000252   0x00000000   Code   RO         3004    .ARM.Collect$$libinit$$00000030  c_w.l(libinit2.o)
    0x08000252   0x08000252   0x00000000   Code   RO         3006    .ARM.Collect$$libinit$$00000032  c_w.l(libinit2.o)
    0x08000252   0x08000252   0x00000002   Code   RO         3007    .ARM.Collect$$libinit$$00000033  c_w.l(libinit2.o)
    0x08000254   0x08000254   0x00000002   Code   RO         3027    .ARM.Collect$$libshutdown$$00000000  c_w.l(libshutdown.o)
    0x08000256   0x08000256   0x00000000   Code   RO         3040    .ARM.Collect$$libshutdown$$00000002  c_w.l(libshutdown2.o)
    0x08000256   0x08000256   0x00000000   Code   RO         3042    .ARM.Collect$$libshutdown$$00000004  c_w.l(libshutdown2.o)
    0x08000256   0x08000256   0x00000000   Code   RO         3045    .ARM.Collect$$libshutdown$$00000007  c_w.l(libshutdown2.o)
    0x08000256   0x08000256   0x00000000   Code   RO         3048    .ARM.Collect$$libshutdown$$0000000A  c_w.l(libshutdown2.o)
    0x08000256   0x08000256   0x00000000   Code   RO         3050    .ARM.Collect$$libshutdown$$0000000C  c_w.l(libshutdown2.o)
    0x08000256   0x08000256   0x00000000   Code   RO         3053    .ARM.Collect$$libshutdown$$0000000F  c_w.l(libshutdown2.o)
    0x08000256   0x08000256   0x00000002   Code   RO         3054    .ARM.Collect$$libshutdown$$00000010  c_w.l(libshutdown2.o)
    0x08000258   0x08000258   0x00000000   Code   RO         2831    .ARM.Collect$$rtentry$$00000000  c_w.l(__rtentry.o)
    0x08000258   0x08000258   0x00000000   Code   RO         2877    .ARM.Collect$$rtentry$$00000002  c_w.l(__rtentry2.o)
    0x08000258   0x08000258   0x00000006   Code   RO         2889    .ARM.Collect$$rtentry$$00000004  c_w.l(__rtentry4.o)
    0x0800025e   0x0800025e   0x00000000   Code   RO         2879    .ARM.Collect$$rtentry$$00000009  c_w.l(__rtentry2.o)
    0x0800025e   0x0800025e   0x00000004   Code   RO         2880    .ARM.Collect$$rtentry$$0000000A  c_w.l(__rtentry2.o)
    0x08000262   0x08000262   0x00000000   Code   RO         2882    .ARM.Collect$$rtentry$$0000000C  c_w.l(__rtentry2.o)
    0x08000262   0x08000262   0x00000008   Code   RO         2883    .ARM.Collect$$rtentry$$0000000D  c_w.l(__rtentry2.o)
    0x0800026a   0x0800026a   0x00000002   Code   RO         2956    .ARM.Collect$$rtexit$$00000000  c_w.l(rtexit.o)
    0x0800026c   0x0800026c   0x00000000   Code   RO         3009    .ARM.Collect$$rtexit$$00000002  c_w.l(rtexit2.o)
    0x0800026c   0x0800026c   0x00000004   Code   RO         3010    .ARM.Collect$$rtexit$$00000003  c_w.l(rtexit2.o)
    0x08000270   0x08000270   0x00000006   Code   RO         3011    .ARM.Collect$$rtexit$$00000004  c_w.l(rtexit2.o)
    0x08000276   0x08000276   0x00000002   PAD
    0x08000278   0x08000278   0x00000040   Code   RO         1224  * .text               startup_stm32f10x_hd.o
    0x080002b8   0x080002b8   0x00000024   Code   RO         2747    .text               c_w.l(c89vsprintf.o)
    0x080002dc   0x080002dc   0x0000002c   Code   RO         2749    .text               c_w.l(__2sprintf.o)
    0x08000308   0x08000308   0x0000004e   Code   RO         2755    .text               c_w.l(_printf_pad.o)
    0x08000356   0x08000356   0x00000052   Code   RO         2757    .text               c_w.l(_printf_str.o)
    0x080003a8   0x080003a8   0x00000078   Code   RO         2759    .text               c_w.l(_printf_dec.o)
    0x08000420   0x08000420   0x00000094   Code   RO         2779    .text               c_w.l(_printf_hex_int_ll_ptr.o)
    0x080004b4   0x080004b4   0x00000188   Code   RO         2799    .text               c_w.l(__printf_flags_ss_wp.o)
    0x0800063c   0x0800063c   0x00000014   Code   RO         2807    .text               c_w.l(strchr.o)
    0x08000650   0x08000650   0x00000024   Code   RO         2809    .text               c_w.l(strstr.o)
    0x08000674   0x08000674   0x00000048   Code   RO         2811    .text               c_w.l(strcpy.o)
    0x080006bc   0x080006bc   0x0000003e   Code   RO         2813    .text               c_w.l(strlen.o)
    0x080006fa   0x080006fa   0x0000008a   Code   RO         2815    .text               c_w.l(rt_memcpy_v6.o)
    0x08000784   0x08000784   0x00000064   Code   RO         2817    .text               c_w.l(rt_memcpy_w.o)
    0x080007e8   0x080007e8   0x00000044   Code   RO         2821    .text               c_w.l(rt_memclr.o)
    0x0800082c   0x0800082c   0x0000004e   Code   RO         2823    .text               c_w.l(rt_memclr_w.o)
    0x0800087a   0x0800087a   0x00000056   Code   RO         2825    .text               c_w.l(strncpy.o)
    0x080008d0   0x080008d0   0x00000006   Code   RO         2827    .text               c_w.l(heapauxi.o)
    0x080008d6   0x080008d6   0x00000024   Code   RO         2832    .text               c_w.l(_printf_truncate.o)
    0x080008fa   0x080008fa   0x000000b2   Code   RO         2834    .text               c_w.l(_printf_intcommon.o)
    0x080009ac   0x080009ac   0x00000028   Code   RO         2836    .text               c_w.l(_printf_charcount.o)
    0x080009d4   0x080009d4   0x00000030   Code   RO         2838    .text               c_w.l(_printf_char_common.o)
    0x08000a04   0x08000a04   0x0000000a   Code   RO         2840    .text               c_w.l(_sputc.o)
    0x08000a0e   0x08000a0e   0x0000002c   Code   RO         2842    .text               c_w.l(_printf_char.o)
    0x08000a3a   0x08000a3a   0x00000002   PAD
    0x08000a3c   0x08000a3c   0x000000bc   Code   RO         2844    .text               c_w.l(_printf_wctomb.o)
    0x08000af8   0x08000af8   0x0000007c   Code   RO         2847    .text               c_w.l(_printf_longlong_dec.o)
    0x08000b74   0x08000b74   0x00000070   Code   RO         2853    .text               c_w.l(_printf_oct_int_ll.o)
    0x08000be4   0x08000be4   0x0000008a   Code   RO         2891    .text               c_w.l(lludiv10.o)
    0x08000c6e   0x08000c6e   0x0000041e   Code   RO         2893    .text               c_w.l(_printf_fp_dec.o)
    0x0800108c   0x0800108c   0x0000002c   Code   RO         2897    .text               c_w.l(_printf_wchar.o)
    0x080010b8   0x080010b8   0x00000040   Code   RO         2899    .text               c_w.l(_wcrtomb.o)
    0x080010f8   0x080010f8   0x0000004a   Code   RO         2901    .text               c_w.l(sys_stackheap_outer.o)
    0x08001142   0x08001142   0x00000002   PAD
    0x08001144   0x08001144   0x00000010   Code   RO         2903    .text               c_w.l(rt_ctype_table.o)
    0x08001154   0x08001154   0x00000008   Code   RO         2908    .text               c_w.l(rt_locale_intlibspace.o)
    0x0800115c   0x0800115c   0x00000080   Code   RO         2910    .text               c_w.l(_printf_fp_infnan.o)
    0x080011dc   0x080011dc   0x000000e4   Code   RO         2912    .text               c_w.l(bigflt0.o)
    0x080012c0   0x080012c0   0x00000012   Code   RO         2940    .text               c_w.l(exit.o)
    0x080012d2   0x080012d2   0x00000002   PAD
    0x080012d4   0x080012d4   0x00000008   Code   RO         2953    .text               c_w.l(libspace.o)
    0x080012dc   0x080012dc   0x00000080   Code   RO         2961    .text               c_w.l(strcmpv7m.o)
    0x0800135c   0x0800135c   0x0000000c   Code   RO         3019    .text               c_w.l(sys_exit.o)
    0x08001368   0x08001368   0x00000002   Code   RO         3030    .text               c_w.l(use_no_semi.o)
    0x0800136a   0x0800136a   0x00000000   Code   RO         3032    .text               c_w.l(indicate_semi.o)
    0x0800136a   0x0800136a   0x0000003e   Code   RO         2915    CL$$btod_d2e        c_w.l(btod.o)
    0x080013a8   0x080013a8   0x00000046   Code   RO         2917    CL$$btod_d2e_denorm_low  c_w.l(btod.o)
    0x080013ee   0x080013ee   0x00000060   Code   RO         2916    CL$$btod_d2e_norm_op1  c_w.l(btod.o)
    0x0800144e   0x0800144e   0x00000338   Code   RO         2925    CL$$btod_div_common  c_w.l(btod.o)
    0x08001786   0x08001786   0x000000dc   Code   RO         2922    CL$$btod_e2e        c_w.l(btod.o)
    0x08001862   0x08001862   0x0000002a   Code   RO         2919    CL$$btod_ediv       c_w.l(btod.o)
    0x0800188c   0x0800188c   0x0000002a   Code   RO         2918    CL$$btod_emul       c_w.l(btod.o)
    0x080018b6   0x080018b6   0x00000244   Code   RO         2924    CL$$btod_mult_common  c_w.l(btod.o)
    0x08001afa   0x08001afa   0x00000002   PAD
    0x08001afc   0x08001afc   0x0000014c   Code   RO          401    i.AliIoT_Parameter_Init  mqtt.o
    0x08001c48   0x08001c48   0x00000002   Code   RO          299    i.BusFault_Handler  stm32f10x_it.o
    0x08001c4a   0x08001c4a   0x00000002   PAD
    0x08001c4c   0x08001c4c   0x0000006c   Code   RO          402    i.CMDBuf_Deal       mqtt.o
    0x08001cb8   0x08001cb8   0x000000b0   Code   RO          872    i.DHCP_init         dhcp.o
    0x08001d68   0x08001d68   0x000001d8   Code   RO          873    i.DHCP_run          dhcp.o
    0x08001f40   0x08001f40   0x00000018   Code   RO         2506    i.DMA_Cmd           stm32f10x_dma.o
    0x08001f58   0x08001f58   0x0000014c   Code   RO         2507    i.DMA_DeInit        stm32f10x_dma.o
    0x080020a4   0x080020a4   0x00000008   Code   RO         2508    i.DMA_GetCurrDataCounter  stm32f10x_dma.o
    0x080020ac   0x080020ac   0x0000003c   Code   RO         2512    i.DMA_Init          stm32f10x_dma.o
    0x080020e8   0x080020e8   0x00000004   Code   RO         2513    i.DMA_SetCurrDataCounter  stm32f10x_dma.o
    0x080020ec   0x080020ec   0x00000020   Code   RO         1071    i.DNS_init          dns.o
    0x0800210c   0x0800210c   0x000000c0   Code   RO         1072    i.DNS_run           dns.o
    0x080021cc   0x080021cc   0x000000d8   Code   RO          261    i.DataProcess       usart1.o
    0x080022a4   0x080022a4   0x00000002   Code   RO          300    i.DebugMon_Handler  stm32f10x_it.o
    0x080022a6   0x080022a6   0x0000000c   Code   RO          233    i.Delay_Init        delay.o
    0x080022b2   0x080022b2   0x00000002   PAD
    0x080022b4   0x080022b4   0x000000f8   Code   RO          234    i.Delay_Ms          delay.o
    0x080023ac   0x080023ac   0x00000116   Code   RO         2198    i.GPIO_Init         stm32f10x_gpio.o
    0x080024c2   0x080024c2   0x00000002   PAD
    0x080024c4   0x080024c4   0x00000090   Code   RO         2200    i.GPIO_PinRemapConfig  stm32f10x_gpio.o
    0x08002554   0x08002554   0x00000004   Code   RO         2205    i.GPIO_ResetBits    stm32f10x_gpio.o
    0x08002558   0x08002558   0x00000004   Code   RO         2206    i.GPIO_SetBits      stm32f10x_gpio.o
    0x0800255c   0x0800255c   0x0000001c   Code   RO         1164    i.GetChipID         chip.o
    0x08002578   0x08002578   0x00000002   Code   RO          301    i.HardFault_Handler  stm32f10x_it.o
    0x0800257a   0x0800257a   0x00000002   PAD
    0x0800257c   0x0800257c   0x00000058   Code   RO         1007    i.JTAGRemapGPIOInit  spi.o
    0x080025d4   0x080025d4   0x0000002c   Code   RO          377    i.LED_LocationStaInit  led.o
    0x08002600   0x08002600   0x00000014   Code   RO          378    i.LED_LocationStaOff  led.o
    0x08002614   0x08002614   0x00000014   Code   RO          379    i.LED_LocationStaOn  led.o
    0x08002628   0x08002628   0x00000030   Code   RO            1    i.LED_PubState      main.o
    0x08002658   0x08002658   0x000000a4   Code   RO          403    i.MQTT_Buff_Init    mqtt.o
    0x080026fc   0x080026fc   0x0000016c   Code   RO            2    i.MQTT_CheckConnectStatus  main.o
    0x08002868   0x08002868   0x00000218   Code   RO          404    i.MQTT_ConectPack   mqtt.o
    0x08002a80   0x08002a80   0x00000108   Code   RO          405    i.MQTT_DealPushdata_Qs0  mqtt.o
    0x08002b88   0x08002b88   0x0000001c   Code   RO          406    i.MQTT_PingREQ      mqtt.o
    0x08002ba4   0x08002ba4   0x000000ec   Code   RO          407    i.MQTT_PublishQs0   mqtt.o
    0x08002c90   0x08002c90   0x00000098   Code   RO          408    i.MQTT_Subscribe    mqtt.o
    0x08002d28   0x08002d28   0x00000024   Code   RO         1146    i.MYDMA_Enable      dma.o
    0x08002d4c   0x08002d4c   0x00000002   Code   RO          302    i.MemManage_Handler  stm32f10x_it.o
    0x08002d4e   0x08002d4e   0x00000002   PAD
    0x08002d50   0x08002d50   0x00000064   Code   RO         1147    i.My_DMA_Init       dma.o
    0x08002db4   0x08002db4   0x00000002   Code   RO          303    i.NMI_Handler       stm32f10x_it.o
    0x08002db6   0x08002db6   0x00000002   PAD
    0x08002db8   0x08002db8   0x00000070   Code   RO         1228    i.NVIC_Init         misc.o
    0x08002e28   0x08002e28   0x00000014   Code   RO         1229    i.NVIC_PriorityGroupConfig  misc.o
    0x08002e3c   0x08002e3c   0x00000024   Code   RO            5    i.NVIC_SystemReset  main.o
    0x08002e60   0x08002e60   0x00000002   Code   RO          304    i.PendSV_Handler    stm32f10x_it.o
    0x08002e62   0x08002e62   0x00000002   PAD
    0x08002e64   0x08002e64   0x00000020   Code   RO         1265    i.RCC_AHBPeriphClockCmd  stm32f10x_rcc.o
    0x08002e84   0x08002e84   0x00000020   Code   RO         1266    i.RCC_APB1PeriphClockCmd  stm32f10x_rcc.o
    0x08002ea4   0x08002ea4   0x00000020   Code   RO         1267    i.RCC_APB1PeriphResetCmd  stm32f10x_rcc.o
    0x08002ec4   0x08002ec4   0x00000020   Code   RO         1268    i.RCC_APB2PeriphClockCmd  stm32f10x_rcc.o
    0x08002ee4   0x08002ee4   0x00000020   Code   RO         1269    i.RCC_APB2PeriphResetCmd  stm32f10x_rcc.o
    0x08002f04   0x08002f04   0x000000d4   Code   RO         1276    i.RCC_GetClocksFreq  stm32f10x_rcc.o
    0x08002fd8   0x08002fd8   0x00000014   Code   RO         1008    i.SPI_CS_Deselect   spi.o
    0x08002fec   0x08002fec   0x00000014   Code   RO         1009    i.SPI_CS_Select     spi.o
    0x08003000   0x08003000   0x00000018   Code   RO         2365    i.SPI_Cmd           stm32f10x_spi.o
    0x08003018   0x08003018   0x0000005c   Code   RO         1010    i.SPI_Configuration  spi.o
    0x08003074   0x08003074   0x0000000a   Code   RO         1011    i.SPI_CrisEnter     spi.o
    0x0800307e   0x0800307e   0x0000000a   Code   RO         1012    i.SPI_CrisExit      spi.o
    0x08003088   0x08003088   0x000000a4   Code   RO         1013    i.SPI_GPIO_Configuration  spi.o
    0x0800312c   0x0800312c   0x0000003c   Code   RO         2378    i.SPI_Init          stm32f10x_spi.o
    0x08003168   0x08003168   0x00000034   Code   RO         1014    i.SPI_ReadByte      spi.o
    0x0800319c   0x0800319c   0x00000018   Code   RO         2380    i.SPI_SSOutputCmd   stm32f10x_spi.o
    0x080031b4   0x080031b4   0x00000030   Code   RO         1015    i.SPI_WriteByte     spi.o
    0x080031e4   0x080031e4   0x00000002   Code   RO          305    i.SVC_Handler       stm32f10x_it.o
    0x080031e6   0x080031e6   0x00000008   Code   RO         1187    i.SetSysClock       system_stm32f10x.o
    0x080031ee   0x080031ee   0x00000002   PAD
    0x080031f0   0x080031f0   0x000000e0   Code   RO         1188    i.SetSysClockTo72   system_stm32f10x.o
    0x080032d0   0x080032d0   0x00000028   Code   RO         1232    i.SysTick_CLKSourceConfig  misc.o
    0x080032f8   0x080032f8   0x00000002   Code   RO          306    i.SysTick_Handler   stm32f10x_it.o
    0x080032fa   0x080032fa   0x00000002   PAD
    0x080032fc   0x080032fc   0x00000060   Code   RO         1190    i.SystemInit        system_stm32f10x.o
    0x0800335c   0x0800335c   0x00000078   Code   RO          482    i.TIM3_ENABLE_10S   timer3.o
    0x080033d4   0x080033d4   0x000000b4   Code   RO          307    i.TIM3_IRQHandler   stm32f10x_it.o
    0x08003488   0x08003488   0x00000006   Code   RO         1475    i.TIM_ClearITPendingBit  stm32f10x_tim.o
    0x0800348e   0x0800348e   0x00000018   Code   RO         1480    i.TIM_Cmd           stm32f10x_tim.o
    0x080034a6   0x080034a6   0x00000002   PAD
    0x080034a8   0x080034a8   0x000001e8   Code   RO         1485    i.TIM_DeInit        stm32f10x_tim.o
    0x08003690   0x08003690   0x00000022   Code   RO         1501    i.TIM_GetITStatus   stm32f10x_tim.o
    0x080036b2   0x080036b2   0x00000012   Code   RO         1505    i.TIM_ITConfig      stm32f10x_tim.o
    0x080036c4   0x080036c4   0x00000004   Code   RO         1545    i.TIM_SetCounter    stm32f10x_tim.o
    0x080036c8   0x080036c8   0x000000a4   Code   RO         1551    i.TIM_TimeBaseInit  stm32f10x_tim.o
    0x0800376c   0x0800376c   0x00000064   Code   RO          409    i.TxDataBuf_Deal    mqtt.o
    0x080037d0   0x080037d0   0x00000002   Code   RO          308    i.USART1_IRQHandler  stm32f10x_it.o
    0x080037d2   0x080037d2   0x00000012   Code   RO         2012    i.USART_ClearFlag   stm32f10x_usart.o
    0x080037e4   0x080037e4   0x00000018   Code   RO         2016    i.USART_Cmd         stm32f10x_usart.o
    0x080037fc   0x080037fc   0x00000012   Code   RO         2017    i.USART_DMACmd      stm32f10x_usart.o
    0x0800380e   0x0800380e   0x0000004a   Code   RO         2022    i.USART_ITConfig    stm32f10x_usart.o
    0x08003858   0x08003858   0x000000d8   Code   RO         2023    i.USART_Init        stm32f10x_usart.o
    0x08003930   0x08003930   0x00000002   Code   RO          309    i.UsageFault_Handler  stm32f10x_it.o
    0x08003932   0x08003932   0x00000002   PAD
    0x08003934   0x08003934   0x000000b8   Code   RO          262    i.Usart1_Init       usart1.o
    0x080039ec   0x080039ec   0x0000009c   Code   RO            6    i.W5500_DNS         main.o
    0x08003a88   0x08003a88   0x0000003c   Code   RO            7    i.W5500_TxData      main.o
    0x08003ac4   0x08003ac4   0x00000130   Code   RO            8    i.W5500_init        main.o
    0x08003bf4   0x08003bf4   0x0000004c   Code   RO          518    i.WIZCHIP_READ      w5500.o
    0x08003c40   0x08003c40   0x00000064   Code   RO          519    i.WIZCHIP_READ_BUF  w5500.o
    0x08003ca4   0x08003ca4   0x0000004c   Code   RO          520    i.WIZCHIP_WRITE     w5500.o
    0x08003cf0   0x08003cf0   0x00000064   Code   RO          521    i.WIZCHIP_WRITE_BUF  w5500.o
    0x08003d54   0x08003d54   0x00000028   Code   RO         2951    i.__ARM_fpclassify  m_ws.l(fpclassify.o)
    0x08003d7c   0x08003d7c   0x0000000e   Code   RO         2792    i._is_digit         c_w.l(__printf_wp.o)
    0x08003d8a   0x08003d8a   0x00000002   PAD
    0x08003d8c   0x08003d8c   0x00000078   Code   RO          876    i.check_DHCP_leasedIP  dhcp.o
    0x08003e04   0x08003e04   0x000000ac   Code   RO          877    i.check_DHCP_timeout  dhcp.o
    0x08003eb0   0x08003eb0   0x0000003c   Code   RO         1074    i.check_DNS_timeout  dns.o
    0x08003eec   0x08003eec   0x0000008c   Code   RO          791    i.close             socket.o
    0x08003f78   0x08003f78   0x00000148   Code   RO          792    i.connect           socket.o
    0x080040c0   0x080040c0   0x00000050   Code   RO          578    i.ctlnetwork        wizchip_conf.o
    0x08004110   0x08004110   0x00000118   Code   RO          579    i.ctlwizchip        wizchip_conf.o
    0x08004228   0x08004228   0x00000034   Code   RO          878    i.default_ip_assign  dhcp.o
    0x0800425c   0x0800425c   0x00000024   Code   RO          879    i.default_ip_conflict  dhcp.o
    0x08004280   0x08004280   0x00000028   Code   RO          880    i.default_ip_update  dhcp.o
    0x080042a8   0x080042a8   0x000000bc   Code   RO          794    i.disconnect        socket.o
    0x08004364   0x08004364   0x00000100   Code   RO         1075    i.dns_answer        dns.o
    0x08004464   0x08004464   0x000000e0   Code   RO         1076    i.dns_makequery     dns.o
    0x08004544   0x08004544   0x0000002a   Code   RO         1077    i.dns_question      dns.o
    0x0800456e   0x0800456e   0x00000010   Code   RO         1078    i.get16             dns.o
    0x0800457e   0x0800457e   0x00000002   PAD
    0x08004580   0x08004580   0x0000000c   Code   RO          881    i.getDHCPLeasetime  dhcp.o
    0x0800458c   0x0800458c   0x00000020   Code   RO          882    i.getDNSfromDHCP    dhcp.o
    0x080045ac   0x080045ac   0x00000020   Code   RO          883    i.getGWfromDHCP     dhcp.o
    0x080045cc   0x080045cc   0x00000020   Code   RO          884    i.getIPfromDHCP     dhcp.o
    0x080045ec   0x080045ec   0x00000020   Code   RO          885    i.getSNfromDHCP     dhcp.o
    0x0800460c   0x0800460c   0x0000006c   Code   RO          522    i.getSn_RX_RSR      w5500.o
    0x08004678   0x08004678   0x0000006c   Code   RO          523    i.getSn_TX_FSR      w5500.o
    0x080046e4   0x080046e4   0x00000628   Code   RO            9    i.main              main.o
    0x08004d0c   0x08004d0c   0x00000190   Code   RO          886    i.makeDHCPMSG       dhcp.o
    0x08004e9c   0x08004e9c   0x00000054   Code   RO           10    i.my_ip_assign      main.o
    0x08004ef0   0x08004ef0   0x00000024   Code   RO           11    i.my_ip_conflict    main.o
    0x08004f14   0x08004f14   0x000001c8   Code   RO           12    i.network_init      main.o
    0x080050dc   0x080050dc   0x000001e8   Code   RO          887    i.parseDHCPMSG      dhcp.o
    0x080052c4   0x080052c4   0x000000fa   Code   RO         1079    i.parseDNSMSG       dns.o
    0x080053be   0x080053be   0x00000096   Code   RO         1080    i.parse_name        dns.o
    0x08005454   0x08005454   0x0000000c   Code   RO         1081    i.put16             dns.o
    0x08005460   0x08005460   0x00000054   Code   RO          797    i.recv              socket.o
    0x080054b4   0x080054b4   0x00000268   Code   RO          798    i.recvfrom          socket.o
    0x0800571c   0x0800571c   0x00000040   Code   RO          888    i.reg_dhcp_cbfunc   dhcp.o
    0x0800575c   0x0800575c   0x00000028   Code   RO          581    i.reg_wizchip_cris_cbfunc  wizchip_conf.o
    0x08005784   0x08005784   0x00000028   Code   RO          582    i.reg_wizchip_cs_cbfunc  wizchip_conf.o
    0x080057ac   0x080057ac   0x00000034   Code   RO          583    i.reg_wizchip_spi_cbfunc  wizchip_conf.o
    0x080057e0   0x080057e0   0x00000020   Code   RO          889    i.reset_DHCP_timeout  dhcp.o
    0x08005800   0x08005800   0x00000180   Code   RO          799    i.send              socket.o
    0x08005980   0x08005980   0x00000200   Code   RO          890    i.send_DHCP_DECLINE  dhcp.o
    0x08005b80   0x08005b80   0x00000224   Code   RO          891    i.send_DHCP_DISCOVER  dhcp.o
    0x08005da4   0x08005da4   0x00000394   Code   RO          892    i.send_DHCP_REQUEST  dhcp.o
    0x08006138   0x08006138   0x000001d0   Code   RO          800    i.sendto            socket.o
    0x08006308   0x08006308   0x00000170   Code   RO          802    i.socket            socket.o
    0x08006478   0x08006478   0x0000005c   Code   RO          263    i.u1_printf         usart1.o
    0x080064d4   0x080064d4   0x00000084   Code   RO          524    i.wiz_recv_data     w5500.o
    0x08006558   0x08006558   0x00000066   Code   RO          525    i.wiz_recv_ignore   w5500.o
    0x080065be   0x080065be   0x00000084   Code   RO          526    i.wiz_send_data     w5500.o
    0x08006642   0x08006642   0x00000006   Code   RO          584    i.wizchip_bus_readbyte  wizchip_conf.o
    0x08006648   0x08006648   0x00000004   Code   RO          585    i.wizchip_bus_writebyte  wizchip_conf.o
    0x0800664c   0x0800664c   0x00000020   Code   RO          586    i.wizchip_clrinterrupt  wizchip_conf.o
    0x0800666c   0x0800666c   0x00000002   Code   RO          587    i.wizchip_cris_enter  wizchip_conf.o
    0x0800666e   0x0800666e   0x00000002   Code   RO          588    i.wizchip_cris_exit  wizchip_conf.o
    0x08006670   0x08006670   0x00000002   Code   RO          589    i.wizchip_cs_deselect  wizchip_conf.o
    0x08006672   0x08006672   0x00000002   Code   RO          590    i.wizchip_cs_select  wizchip_conf.o
    0x08006674   0x08006674   0x0000002a   Code   RO          591    i.wizchip_getinterrupt  wizchip_conf.o
    0x0800669e   0x0800669e   0x00000028   Code   RO          592    i.wizchip_getinterruptmask  wizchip_conf.o
    0x080066c6   0x080066c6   0x00000002   PAD
    0x080066c8   0x080066c8   0x0000005c   Code   RO          593    i.wizchip_getnetinfo  wizchip_conf.o
    0x08006724   0x08006724   0x0000000a   Code   RO          594    i.wizchip_getnetmode  wizchip_conf.o
    0x0800672e   0x0800672e   0x00000028   Code   RO          595    i.wizchip_gettimeout  wizchip_conf.o
    0x08006756   0x08006756   0x00000090   Code   RO          596    i.wizchip_init      wizchip_conf.o
    0x080067e6   0x080067e6   0x0000001e   Code   RO          597    i.wizchip_setinterruptmask  wizchip_conf.o
    0x08006804   0x08006804   0x00000058   Code   RO          598    i.wizchip_setnetinfo  wizchip_conf.o
    0x0800685c   0x0800685c   0x00000026   Code   RO          599    i.wizchip_setnetmode  wizchip_conf.o
    0x08006882   0x08006882   0x00000026   Code   RO          600    i.wizchip_settimeout  wizchip_conf.o
    0x080068a8   0x080068a8   0x00000004   Code   RO          601    i.wizchip_spi_readbyte  wizchip_conf.o
    0x080068ac   0x080068ac   0x00000002   Code   RO          602    i.wizchip_spi_writebyte  wizchip_conf.o
    0x080068ae   0x080068ae   0x00000072   Code   RO          603    i.wizchip_sw_reset  wizchip_conf.o
    0x08006920   0x08006920   0x00000078   Code   RO          604    i.wizphy_getphyconf  wizchip_conf.o
    0x08006998   0x08006998   0x0000001a   Code   RO          605    i.wizphy_getphylink  wizchip_conf.o
    0x080069b2   0x080069b2   0x0000001c   Code   RO          606    i.wizphy_getphypmode  wizchip_conf.o
    0x080069ce   0x080069ce   0x00000034   Code   RO          608    i.wizphy_reset      wizchip_conf.o
    0x08006a02   0x08006a02   0x00000058   Code   RO          609    i.wizphy_setphyconf  wizchip_conf.o
    0x08006a5a   0x08006a5a   0x00000064   Code   RO          610    i.wizphy_setphypmode  wizchip_conf.o
    0x08006abe   0x08006abe   0x00000002   PAD
    0x08006ac0   0x08006ac0   0x0000002c   Code   RO         2938    locale$$code        c_w.l(lc_numeric_c.o)
    0x08006aec   0x08006aec   0x0000002c   Code   RO         2959    locale$$code        c_w.l(lc_ctype_c.o)
    0x08006b18   0x08006b18   0x00000004   Code   RO         2874    x$fpl$printf1       fz_ws.l(printf1.o)
    0x08006b1c   0x08006b1c   0x00000000   Code   RO         2950    x$fpl$usenofp       fz_ws.l(usenofp.o)
    0x08006b1c   0x08006b1c   0x00000010   Data   RO           14    .constdata          main.o
    0x08006b2c   0x08006b2c   0x00000028   Data   RO         2780    .constdata          c_w.l(_printf_hex_int_ll_ptr.o)
    0x08006b54   0x08006b54   0x00000011   Data   RO         2800    .constdata          c_w.l(__printf_flags_ss_wp.o)
    0x08006b65   0x08006b65   0x00000003   PAD
    0x08006b68   0x08006b68   0x00000008   Data   RO         2845    .constdata          c_w.l(_printf_wctomb.o)
    0x08006b70   0x08006b70   0x00000094   Data   RO         2913    .constdata          c_w.l(bigflt0.o)
    0x08006c04   0x08006c04   0x0000004f   Data   RO           15    .conststring        main.o
    0x08006c53   0x08006c53   0x00000001   PAD
    0x08006c54   0x08006c54   0x00000020   Data   RO         3085    Region$$Table       anon$$obj.o
    0x08006c74   0x08006c74   0x0000001c   Data   RO         2937    locale$$data        c_w.l(lc_numeric_c.o)
    0x08006c90   0x08006c90   0x00000110   Data   RO         2958    locale$$data        c_w.l(lc_ctype_c.o)


    Execution Region ER_RW (Exec base: 0x20000000, Load base: 0x08006da0, Size: 0x00000128, Max: 0xffffffff, ABSOLUTE)

    Exec Addr    Load Addr    Size         Type   Attr      Idx    E Section Name        Object

    0x20000000   0x08006da0   0x0000002a   Data   RW           16    .data               main.o
    0x2000002a   0x08006dca   0x00000002   PAD
    0x2000002c   0x08006dcc   0x0000000e   Data   RW          265    .data               usart1.o
    0x2000003a   0x08006dda   0x00000002   PAD
    0x2000003c   0x08006ddc   0x00000047   Data   RW          411    .data               mqtt.o
    0x20000083   0x08006e23   0x00000001   PAD
    0x20000084   0x08006e24   0x00000025   Data   RW          611    .data               wizchip_conf.o
    0x200000a9   0x08006e49   0x00000001   PAD
    0x200000aa   0x08006e4a   0x0000000e   Data   RW          804    .data               socket.o
    0x200000b8   0x08006e58   0x0000004c   Data   RW          893    .data               dhcp.o
    0x20000104   0x08006ea4   0x0000000d   Data   RW         1082    .data               dns.o
    0x20000111   0x08006eb1   0x00000014   Data   RW         1296    .data               stm32f10x_rcc.o


    Execution Region ER_ZI (Exec base: 0x20000128, Load base: 0x08006ec8, Size: 0x00004710, Max: 0xffffffff, ABSOLUTE)

    Exec Addr    Load Addr    Size         Type   Attr      Idx    E Section Name        Object

    0x20000128        -       0x00000c0c   Zero   RW           13    .bss                main.o
    0x20000d34   0x08006ec8   0x00000004   PAD
    0x20000d38        -       0x000014c0   Zero   RW          264    .bss                usart1.o
    0x200021f8        -       0x00001fcc   Zero   RW          410    .bss                mqtt.o
    0x200041c4        -       0x00000010   Zero   RW          803    .bss                socket.o
    0x200041d4        -       0x00000060   Zero   RW         2954    .bss                c_w.l(libspace.o)
    0x20004234   0x08006ec8   0x00000004   PAD
    0x20004238        -       0x00000200   Zero   RW         1222    HEAP                startup_stm32f10x_hd.o
    0x20004438        -       0x00000400   Zero   RW         1221    STACK               startup_stm32f10x_hd.o


==============================================================================

Image component sizes


      Code (inc. data)   RO Data    RW Data    ZI Data      Debug   Object Name

        28          4          0          0          0        900   chip.o
         0          0          0          0          0         32   core_cm3.o
       260          6          0          0          0       1308   delay.o
      4168        336          0         76          0      16285   dhcp.o
       136         20          0          0          0       1129   dma.o
      1234         56          0         13          0       9679   dns.o
        84         16          0          0          0       1603   led.o
      3120       1410         95         42       3084     293824   main.o
       172         22          0          0          0       2205   misc.o
      1920        396          0         71       8140       8434   mqtt.o
      2572         76          0         14         16       8286   socket.o
       504         50          0          0          0      20244   spi.o
        64         26        304          0       1536        840   startup_stm32f10x_hd.o
       428          8          0          0          0       4772   stm32f10x_dma.o
       430          6          0          0          0       4050   stm32f10x_gpio.o
       200         82          0          0          0       5624   stm32f10x_it.o
       372         50          0         20          0       6476   stm32f10x_rcc.o
       108          0          0          0          0       2823   stm32f10x_spi.o
       738        106          0          0          0       5180   stm32f10x_tim.o
       350          6          0          0          0       5059   stm32f10x_usart.o
       328         28          0          0          0       2105   system_stm32f10x.o
       120          6          0          0          0        638   timer3.o
       492         42          0         14       5312       3881   usart1.o
       934         20          0          0          0       6746   w5500.o
      1638         84          0         37          0      22957   wizchip_conf.o

    ----------------------------------------------------------------------
     20428       2856        432        296      18092     435080   Object Totals
         0          0         32          0          0          0   (incl. Generated)
        28          0          1          9          4          0   (incl. Padding)

    ----------------------------------------------------------------------

      Code (inc. data)   RO Data    RW Data    ZI Data      Debug   Library Member Name

        44          6          0          0          0         84   __2sprintf.o
         8          0          0          0          0         68   __main.o
       392          4         17          0          0         92   __printf_flags_ss_wp.o
        14          0          0          0          0         68   __printf_wp.o
         0          0          0          0          0          0   __rtentry.o
        12          0          0          0          0          0   __rtentry2.o
         6          0          0          0          0          0   __rtentry4.o
        52          8          0          0          0          0   __scatter.o
        26          0          0          0          0          0   __scatter_copy.o
        28          0          0          0          0          0   __scatter_zi.o
         6          0          0          0          0          0   _printf_a.o
         6          0          0          0          0          0   _printf_c.o
        44          0          0          0          0        108   _printf_char.o
        48          6          0          0          0         96   _printf_char_common.o
        40          0          0          0          0         68   _printf_charcount.o
         6          0          0          0          0          0   _printf_d.o
       120         16          0          0          0         92   _printf_dec.o
         6          0          0          0          0          0   _printf_e.o
         6          0          0          0          0          0   _printf_f.o
      1054          0          0          0          0        216   _printf_fp_dec.o
       128         16          0          0          0         84   _printf_fp_infnan.o
         6          0          0          0          0          0   _printf_g.o
       148          4         40          0          0        160   _printf_hex_int_ll_ptr.o
         6          0          0          0          0          0   _printf_i.o
       178          0          0          0          0         88   _printf_intcommon.o
        10          0          0          0          0          0   _printf_l.o
         6          0          0          0          0          0   _printf_lc.o
        10          0          0          0          0          0   _printf_ll.o
         6          0          0          0          0          0   _printf_lld.o
         6          0          0          0          0          0   _printf_lli.o
         6          0          0          0          0          0   _printf_llo.o
         6          0          0          0          0          0   _printf_llu.o
         6          0          0          0          0          0   _printf_llx.o
       124         16          0          0          0         92   _printf_longlong_dec.o
         6          0          0          0          0          0   _printf_ls.o
         6          0          0          0          0          0   _printf_n.o
         6          0          0          0          0          0   _printf_o.o
       112         10          0          0          0        124   _printf_oct_int_ll.o
         6          0          0          0          0          0   _printf_p.o
        78          0          0          0          0        108   _printf_pad.o
         0          0          0          0          0          0   _printf_percent.o
         4          0          0          0          0          0   _printf_percent_end.o
         6          0          0          0          0          0   _printf_s.o
        82          0          0          0          0         80   _printf_str.o
        36          0          0          0          0         84   _printf_truncate.o
         6          0          0          0          0          0   _printf_u.o
        44          0          0          0          0        108   _printf_wchar.o
       188          6          8          0          0         92   _printf_wctomb.o
         6          0          0          0          0          0   _printf_x.o
        10          0          0          0          0         68   _sputc.o
        64          0          0          0          0         92   _wcrtomb.o
       228          4        148          0          0         96   bigflt0.o
      1936        128          0          0          0        672   btod.o
        36          4          0          0          0         76   c89vsprintf.o
        18          0          0          0          0         80   exit.o
         6          0          0          0          0        152   heapauxi.o
         0          0          0          0          0          0   indicate_semi.o
        44         10        272          0          0         76   lc_ctype_c.o
        44         10         28          0          0         76   lc_numeric_c.o
         2          0          0          0          0          0   libinit.o
        30          0          0          0          0          0   libinit2.o
         2          0          0          0          0          0   libshutdown.o
         2          0          0          0          0          0   libshutdown2.o
         8          4          0          0         96         68   libspace.o
       138          0          0          0          0         80   lludiv10.o
        16          4          0          0          0         76   rt_ctype_table.o
         8          4          0          0          0         68   rt_locale_intlibspace.o
        68          0          0          0          0         68   rt_memclr.o
        78          0          0          0          0         80   rt_memclr_w.o
       138          0          0          0          0         68   rt_memcpy_v6.o
       100          0          0          0          0         80   rt_memcpy_w.o
         2          0          0          0          0          0   rtexit.o
        10          0          0          0          0          0   rtexit2.o
        20          0          0          0          0         68   strchr.o
       128          0          0          0          0         68   strcmpv7m.o
        72          0          0          0          0         80   strcpy.o
        62          0          0          0          0         76   strlen.o
        86          0          0          0          0         76   strncpy.o
        36          0          0          0          0         80   strstr.o
        12          4          0          0          0         68   sys_exit.o
        74          0          0          0          0         80   sys_stackheap_outer.o
         2          0          0          0          0         68   use_no_semi.o
         4          0          0          0          0         68   printf1.o
         0          0          0          0          0          0   usenofp.o
        40          0          0          0          0         68   fpclassify.o

    ----------------------------------------------------------------------
      6688        264        516          0        100       4688   Library Totals
        14          0          3          0          4          0   (incl. Padding)

    ----------------------------------------------------------------------

      Code (inc. data)   RO Data    RW Data    ZI Data      Debug   Library Name

      6630        264        513          0         96       4552   c_w.l
         4          0          0          0          0         68   fz_ws.l
        40          0          0          0          0         68   m_ws.l

    ----------------------------------------------------------------------
      6688        264        516          0        100       4688   Library Totals

    ----------------------------------------------------------------------

==============================================================================


      Code (inc. data)   RO Data    RW Data    ZI Data      Debug   

     27116       3120        948        296      18192     428844   Grand Totals
     27116       3120        948        296      18192     428844   ELF Image Totals
     27116       3120        948        296          0          0   ROM Totals

==============================================================================

    Total RO  Size (Code + RO Data)                28064 (  27.41kB)
    Total RW  Size (RW Data + ZI Data)             18488 (  18.05kB)
    Total ROM Size (Code + RO Data + RW Data)      28360 (  27.70kB)

==============================================================================

